storage: /tmp (tmpfs) -- CPU-only numbers; use --disk for I/O costs
waiting for in-flight verify runs / benchmarks to release /tmp/trellis-bench.lock ...
[2m2026-09-26T19:10:56.003764Z[0m [33m WARN[0m [2mtrellis::client[0m[2m:[0m maintenance step failed; retrying [3mstep[0m[2m=[0m"seal" [3merror[0m[2m=[0mring slot 0 still holds a live registry row; sealing into it would lap unretired work [3mfailures[0m[2m=[0m1
rel-churn: ledger seeded with 1000000 entries in 37.1s
[2m2026-09-26T19:12:25.757238Z[0m [33m WARN[0m [2mdeadpool.postgres[0m[2m:[0m Connection error: db error
rel-churn: 10 children/parent, parents at 100/s, children at 1000/s: 2000 parent + 20000 child updates; converged after 20.7s (tail 0.7s), oracle_ok=Some(true), wal 209 MB
[2m2026-09-26T19:13:11.505585Z[0m [33m WARN[0m [2mtrellis::client[0m[2m:[0m maintenance step failed; retrying [3mstep[0m[2m=[0m"seal" [3merror[0m[2m=[0mring slot 0 still holds a live registry row; sealing into it would lap unretired work [3mfailures[0m[2m=[0m1
rel-churn: ledger seeded with 1000000 entries in 38.1s
[2m2026-09-26T19:14:21.709809Z[0m [33m WARN[0m [2mtrellis::client[0m[2m:[0m maintenance step failed; retrying [3mstep[0m[2m=[0m"seal" [3merror[0m[2m=[0mring slot 3 still holds a live registry row; sealing into it would lap unretired work [3mfailures[0m[2m=[0m1
[2m2026-09-26T19:14:22.623856Z[0m [33m WARN[0m [2mtrellis::client[0m[2m:[0m maintenance step failed; retrying [3mstep[0m[2m=[0m"seal" [3merror[0m[2m=[0mring slot 0 still holds a live registry row; sealing into it would lap unretired work [3mfailures[0m[2m=[0m1
[2m2026-09-26T19:14:23.233871Z[0m [33m WARN[0m [2mtrellis::client[0m[2m:[0m maintenance step failed; retrying [3mstep[0m[2m=[0m"seal" [3merror[0m[2m=[0mring slot 1 still holds a live registry row; sealing into it would lap unretired work [3mfailures[0m[2m=[0m1
[2m2026-09-26T19:14:25.061103Z[0m [33m WARN[0m [2mtrellis::client[0m[2m:[0m maintenance step failed; retrying [3mstep[0m[2m=[0m"seal" [3merror[0m[2m=[0mring slot 2 still holds a live registry row; sealing into it would lap unretired work [3mfailures[0m[2m=[0m1
[2m2026-09-26T19:14:25.976905Z[0m [33m WARN[0m [2mtrellis::client[0m[2m:[0m maintenance step failed; retrying [3mstep[0m[2m=[0m"seal" [3merror[0m[2m=[0mring slot 3 still holds a live registry row; sealing into it would lap unretired work [3mfailures[0m[2m=[0m1
[2m2026-09-26T19:14:29.328584Z[0m [33m WARN[0m [2mtrellis::client[0m[2m:[0m maintenance step failed; retrying [3mstep[0m[2m=[0m"seal" [3merror[0m[2m=[0mring slot 0 still holds a live registry row; sealing into it would lap unretired work [3mfailures[0m[2m=[0m1
[2m2026-09-26T19:14:30.853220Z[0m [33m WARN[0m [2mtrellis::client[0m[2m:[0m maintenance step failed; retrying [3mstep[0m[2m=[0m"seal" [3merror[0m[2m=[0mring slot 1 still holds a live registry row; sealing into it would lap unretired work [3mfailures[0m[2m=[0m1
[2m2026-09-26T19:14:37.556010Z[0m [33m WARN[0m [2mtrellis::client[0m[2m:[0m maintenance step failed; retrying [3mstep[0m[2m=[0m"seal" [3merror[0m[2m=[0mring slot 2 still holds a live registry row; sealing into it would lap unretired work [3mfailures[0m[2m=[0m1
[2m2026-09-26T19:14:39.078386Z[0m [33m WARN[0m [2mtrellis::client[0m[2m:[0m maintenance step failed; retrying [3mstep[0m[2m=[0m"seal" [3merror[0m[2m=[0mring slot 3 still holds a live registry row; sealing into it would lap unretired work [3mfailures[0m[2m=[0m1
[2m2026-09-26T19:14:56.330684Z[0m [33m WARN[0m [2mdeadpool.postgres[0m[2m:[0m Connection error: db error
rel-churn: 10 children/parent, parents at 1000/s, children at 1000/s: 20000 parent + 20000 child updates; converged after 35.4s (tail 15.4s), oracle_ok=Some(true), wal 236 MB
[2m2026-09-26T19:15:36.206036Z[0m [33m WARN[0m [2mtrellis::client[0m[2m:[0m maintenance step failed; retrying [3mstep[0m[2m=[0m"seal" [3merror[0m[2m=[0mring slot 0 still holds a live registry row; sealing into it would lap unretired work [3mfailures[0m[2m=[0m1
rel-churn: ledger seeded with 1000000 entries in 35.1s
[2m2026-09-26T19:17:00.586491Z[0m [33m WARN[0m [2mdeadpool.postgres[0m[2m:[0m Connection error: db error
rel-churn: 1000 children/parent, parents at 100/s, children at 1000/s: 2000 parent + 20000 child updates; converged after 20.7s (tail 0.7s), oracle_ok=Some(true), wal 226 MB
[2m2026-09-26T19:17:40.515707Z[0m [33m WARN[0m [2mtrellis::client[0m[2m:[0m maintenance step failed; retrying [3mstep[0m[2m=[0m"seal" [3merror[0m[2m=[0mring slot 0 still holds a live registry row; sealing into it would lap unretired work [3mfailures[0m[2m=[0m1
rel-churn: ledger seeded with 1000000 entries in 34.5s
[2m2026-09-26T19:19:04.084748Z[0m [33m WARN[0m [2mdeadpool.postgres[0m[2m:[0m Connection error: db error
rel-churn: 1000 children/parent, parents at 1000/s, children at 1000/s: 20000 parent + 20000 child updates; converged after 20.6s (tail 0.6s), oracle_ok=Some(true), wal 248 MB
[2m2026-09-26T19:19:46.297036Z[0m [33m WARN[0m [2mtrellis::client[0m[2m:[0m maintenance step failed; retrying [3mstep[0m[2m=[0m"seal" [3merror[0m[2m=[0mring slot 0 still holds a live registry row; sealing into it would lap unretired work [3mfailures[0m[2m=[0m1
rel-churn: ledger seeded with 1000000 entries in 33.5s
[2m2026-09-26T19:21:07.864222Z[0m [33m WARN[0m [2mdeadpool.postgres[0m[2m:[0m Connection error: db error
rel-churn: 100000 children/parent, parents at 100/s, children at 1000/s: 2000 parent + 20000 child updates; converged after 20.6s (tail 0.6s), oracle_ok=Some(true), wal 263 MB
[2m2026-09-26T19:21:49.599086Z[0m [33m WARN[0m [2mtrellis::client[0m[2m:[0m maintenance step failed; retrying [3mstep[0m[2m=[0m"seal" [3merror[0m[2m=[0mring slot 0 still holds a live registry row; sealing into it would lap unretired work [3mfailures[0m[2m=[0m1
rel-churn: ledger seeded with 1000000 entries in 33.5s
[2m2026-09-26T19:23:10.332164Z[0m [33m WARN[0m [2mdeadpool.postgres[0m[2m:[0m Connection error: db error
rel-churn: 100000 children/parent, parents at 1000/s, children at 1000/s: 20000 parent + 20000 child updates; converged after 20.6s (tail 0.6s), oracle_ok=Some(true), wal 262 MB
