[2m2026-09-26T09:05:48.496366Z[0m [33m WARN[0m [2mtrellis::client[0m[2m:[0m maintenance step failed; retrying [3mstep[0m[2m=[0m"seal" [3merror[0m[2m=[0mring slot 0 still holds a live registry row; sealing into it would lap unretired work [3mfailures[0m[2m=[0m1
rel-churn: ledger seeded with 1000000 entries in 37.7s
  mismatch grp=Some("159") weight_total oracle=Some("49659020") target=Some("49659021") val oracle=Some("499659024") target=Some("499659024") count oracle=Some(1000) target=Some(1000) ledger=Some("no contributions n=1000")
  mismatch grp=Some("235") weight_total oracle=Some("49735010") target=Some("49735010") val oracle=Some("499735017") target=Some("499735016") count oracle=Some(1000) target=Some(1000) ledger=Some("no contributions n=1000")
  mismatch grp=Some("272") weight_total oracle=Some("49772030") target=Some("49772030") val oracle=Some("499772021") target=Some("499772020") count oracle=Some(1000) target=Some(1000) ledger=Some("no contributions n=1000")
  mismatch grp=Some("278") weight_total oracle=Some("49778010") target=Some("49778010") val oracle=Some("499778022") target=Some("499778021") count oracle=Some(1000) target=Some(1000) ledger=Some("no contributions n=1000")
  mismatch grp=Some("329") weight_total oracle=Some("49829010") target=Some("49829011") val oracle=Some("499829024") target=Some("499829024") count oracle=Some(1000) target=Some(1000) ledger=Some("no contributions n=1000")
  mismatch grp=Some("338") weight_total oracle=Some("49838010") target=Some("49838011") val oracle=Some("499838015") target=Some("499838015") count oracle=Some(1000) target=Some(1000) ledger=Some("no contributions n=1000")
  mismatch grp=Some("436") weight_total oracle=Some("49936030") target=Some("49936031") val oracle=Some("499936020") target=Some("499936020") count oracle=Some(1000) target=Some(1000) ledger=Some("no contributions n=1000")
  mismatch grp=Some("495") weight_total oracle=Some("49995080") target=Some("49995081") val oracle=Some("499995026") target=Some("499995026") count oracle=Some(1000) target=Some(1000) ledger=Some("no contributions n=1000")
[2m2026-09-26T09:12:18.222300Z[0m [33m WARN[0m [2mdeadpool.postgres[0m[2m:[0m Connection error: db error
rel-churn: 10 children/parent, parents at 100/s, children at 1000/s: 2000 parent + 20000 child updates; converged after never (tail -), oracle_ok=Some(false), wal 298 MB
[2m2026-09-26T09:13:05.642101Z[0m [33m WARN[0m [2mtrellis::client[0m[2m:[0m maintenance step failed; retrying [3mstep[0m[2m=[0m"seal" [3merror[0m[2m=[0mring slot 0 still holds a live registry row; sealing into it would lap unretired work [3mfailures[0m[2m=[0m1
rel-churn: ledger seeded with 1000000 entries in 37.7s
[2m2026-09-26T09:14:16.597234Z[0m [33m WARN[0m [2mtrellis::client[0m[2m:[0m maintenance step failed; retrying [3mstep[0m[2m=[0m"seal" [3merror[0m[2m=[0mring slot 3 still holds a live registry row; sealing into it would lap unretired work [3mfailures[0m[2m=[0m1
[2m2026-09-26T09:14:17.816276Z[0m [33m WARN[0m [2mtrellis::client[0m[2m:[0m maintenance step failed; retrying [3mstep[0m[2m=[0m"seal" [3merror[0m[2m=[0mring slot 1 still holds a live registry row; sealing into it would lap unretired work [3mfailures[0m[2m=[0m1
[2m2026-09-26T09:14:20.255454Z[0m [33m WARN[0m [2mtrellis::client[0m[2m:[0m maintenance step failed; retrying [3mstep[0m[2m=[0m"seal" [3merror[0m[2m=[0mring slot 2 still holds a live registry row; sealing into it would lap unretired work [3mfailures[0m[2m=[0m1
[2m2026-09-26T09:14:20.865695Z[0m [33m WARN[0m [2mtrellis::client[0m[2m:[0m maintenance step failed; retrying [3mstep[0m[2m=[0m"seal" [3merror[0m[2m=[0mring slot 3 still holds a live registry row; sealing into it would lap unretired work [3mfailures[0m[2m=[0m1
[2m2026-09-26T09:14:27.873421Z[0m [33m WARN[0m [2mtrellis::client[0m[2m:[0m maintenance step failed; retrying [3mstep[0m[2m=[0m"seal" [3merror[0m[2m=[0mring slot 1 still holds a live registry row; sealing into it would lap unretired work [3mfailures[0m[2m=[0m1
  mismatch grp=Some("0") weight_total oracle=Some("49500220") target=Some("49500240") val oracle=Some("499500020") target=Some("499500019") count oracle=Some(1000) target=Some(1000) ledger=Some("no contributions n=1000")
  mismatch grp=Some("1") weight_total oracle=Some("49501230") target=Some("49501241") val oracle=Some("499501025") target=Some("499501023") count oracle=Some(1000) target=Some(1000) ledger=Some("no contributions n=1000")
  mismatch grp=Some("10") weight_total oracle=Some("49510110") target=Some("49510130") val oracle=Some("499510020") target=Some("499510019") count oracle=Some(1000) target=Some(1000) ledger=Some("no contributions n=1000")
  mismatch grp=Some("100") weight_total oracle=Some("49600250") target=Some("49600260") val oracle=Some("499600024") target=Some("499600021") count oracle=Some(1000) target=Some(1000) ledger=Some("no contributions n=1000")
  mismatch grp=Some("101") weight_total oracle=Some("49601200") target=Some("49601205") val oracle=Some("499601026") target=Some("499601025") count oracle=Some(1000) target=Some(1000) ledger=Some("no contributions n=1000")
  mismatch grp=Some("102") weight_total oracle=Some("49602150") target=Some("49602150") val oracle=Some("499602030") target=Some("499602027") count oracle=Some(1000) target=Some(1000) ledger=Some("no contributions n=1000")
  mismatch grp=Some("103") weight_total oracle=Some("49603260") target=Some("49603281") val oracle=Some("499603019") target=Some("499603014") count oracle=Some(1000) target=Some(1000) ledger=Some("no contributions n=1000")
  mismatch grp=Some("104") weight_total oracle=Some("49604180") target=Some("49604210") val oracle=Some("499604022") target=Some("499604019") count oracle=Some(1000) target=Some(1000) ledger=Some("no contributions n=1000")
[2m2026-09-26T09:19:36.332540Z[0m [33m WARN[0m [2mdeadpool.postgres[0m[2m:[0m Connection error: db error
rel-churn: 10 children/parent, parents at 1000/s, children at 1000/s: 20000 parent + 20000 child updates; converged after never (tail -), oracle_ok=Some(false), wal 389 MB
[2m2026-09-26T09:20:16.703589Z[0m [33m WARN[0m [2mtrellis::client[0m[2m:[0m maintenance step failed; retrying [3mstep[0m[2m=[0m"seal" [3merror[0m[2m=[0mring slot 0 still holds a live registry row; sealing into it would lap unretired work [3mfailures[0m[2m=[0m1
rel-churn: ledger seeded with 1000000 entries in 35.6s
[2m2026-09-26T09:21:22.700960Z[0m [33m WARN[0m [2mtrellis::client[0m[2m:[0m maintenance step failed; retrying [3mstep[0m[2m=[0m"seal" [3merror[0m[2m=[0mring slot 2 still holds a live registry row; sealing into it would lap unretired work [3mfailures[0m[2m=[0m1
[2m2026-09-26T09:21:23.314864Z[0m [33m WARN[0m [2mtrellis::client[0m[2m:[0m maintenance step failed; retrying [3mstep[0m[2m=[0m"seal" [3merror[0m[2m=[0mring slot 3 still holds a live registry row; sealing into it would lap unretired work [3mfailures[0m[2m=[0m1
[2m2026-09-26T09:21:24.227194Z[0m [33m WARN[0m [2mtrellis::client[0m[2m:[0m maintenance step failed; retrying [3mstep[0m[2m=[0m"seal" [3merror[0m[2m=[0mring slot 0 still holds a live registry row; sealing into it would lap unretired work [3mfailures[0m[2m=[0m1
[2m2026-09-26T09:21:25.457433Z[0m [33m WARN[0m [2mtrellis::client[0m[2m:[0m maintenance step failed; retrying [3mstep[0m[2m=[0m"seal" [3merror[0m[2m=[0mring slot 1 still holds a live registry row; sealing into it would lap unretired work [3mfailures[0m[2m=[0m1
[2m2026-09-26T09:21:29.416360Z[0m [33m WARN[0m [2mtrellis::client[0m[2m:[0m maintenance step failed; retrying [3mstep[0m[2m=[0m"seal" [3merror[0m[2m=[0mring slot 2 still holds a live registry row; sealing into it would lap unretired work [3mfailures[0m[2m=[0m1
[2m2026-09-26T09:21:32.478728Z[0m [33m WARN[0m [2mtrellis::client[0m[2m:[0m maintenance step failed; retrying [3mstep[0m[2m=[0m"seal" [3merror[0m[2m=[0mring slot 3 still holds a live registry row; sealing into it would lap unretired work [3mfailures[0m[2m=[0m1
  mismatch grp=Some("0") weight_total oracle=Some("5000") target=Some("7005") val oracle=Some("499500020") target=Some("499500005") count oracle=Some(1000) target=Some(1000) ledger=Some("no contributions n=1000")
  mismatch grp=Some("1") weight_total oracle=Some("2000") target=Some("2012") val oracle=Some("499501025") target=Some("499501017") count oracle=Some(1000) target=Some(1000) ledger=Some("no contributions n=1000")
  mismatch grp=Some("10") weight_total oracle=Some("13000") target=Some("14009") val oracle=Some("499510020") target=Some("499510008") count oracle=Some(1000) target=Some(1000) ledger=Some("no contributions n=1000")
  mismatch grp=Some("100") weight_total oracle=Some("101000") target=Some("101002") val oracle=Some("499600024") target=Some("499600019") count oracle=Some(1000) target=Some(1000) ledger=Some("no contributions n=1000")
  mismatch grp=Some("101") weight_total oracle=Some("103000") target=Some("103000") val oracle=Some("499601026") target=Some("499601004") count oracle=Some(1000) target=Some(1000) ledger=Some("no contributions n=1000")
  mismatch grp=Some("102") weight_total oracle=Some("106000") target=Some("106008") val oracle=Some("499602030") target=Some("499602013") count oracle=Some(1000) target=Some(1000) ledger=Some("no contributions n=1000")
  mismatch grp=Some("104") weight_total oracle=Some("106000") target=Some("106007") val oracle=Some("499604022") target=Some("499604008") count oracle=Some(1000) target=Some(1000) ledger=Some("no contributions n=1000")
  mismatch grp=Some("105") weight_total oracle=Some("109000") target=Some("111006") val oracle=Some("499605026") target=Some("499605006") count oracle=Some(1000) target=Some(1000) ledger=Some("no contributions n=1000")
[2m2026-09-26T09:26:41.290630Z[0m [33m WARN[0m [2mdeadpool.postgres[0m[2m:[0m Connection error: db error
rel-churn: 1000 children/parent, parents at 100/s, children at 1000/s: 2000 parent + 20000 child updates; converged after never (tail -), oracle_ok=Some(false), wal 1136 MB
[2m2026-09-26T09:27:22.042329Z[0m [33m WARN[0m [2mtrellis::client[0m[2m:[0m maintenance step failed; retrying [3mstep[0m[2m=[0m"seal" [3merror[0m[2m=[0mring slot 0 still holds a live registry row; sealing into it would lap unretired work [3mfailures[0m[2m=[0m1
rel-churn: ledger seeded with 1000000 entries in 35.0s
[2m2026-09-26T09:28:26.830294Z[0m [33m WARN[0m [2mtrellis::client[0m[2m:[0m maintenance step failed; retrying [3mstep[0m[2m=[0m"seal" [3merror[0m[2m=[0mring slot 0 still holds a live registry row; sealing into it would lap unretired work [3mfailures[0m[2m=[0m1
[2m2026-09-26T09:28:36.965765Z[0m [33m WARN[0m [2mtrellis::client[0m[2m:[0m maintenance step failed; retrying [3mstep[0m[2m=[0m"seal" [3merror[0m[2m=[0mring slot 1 still holds a live registry row; sealing into it would lap unretired work [3mfailures[0m[2m=[0m1
[2m2026-09-26T09:28:41.261172Z[0m [33m WARN[0m [2mtrellis::client[0m[2m:[0m maintenance step failed; retrying [3mstep[0m[2m=[0m"seal" [3merror[0m[2m=[0mring slot 2 still holds a live registry row; sealing into it would lap unretired work [3mfailures[0m[2m=[0m1
  mismatch grp=Some("0") weight_total oracle=Some("14000") target=Some("26043") val oracle=Some("499500020") target=Some("499500004") count oracle=Some(1000) target=Some(1000) ledger=Some("no contributions n=1000")
  mismatch grp=Some("1") weight_total oracle=Some("17000") target=Some("25052") val oracle=Some("499501025") target=Some("499501004") count oracle=Some(1000) target=Some(1000) ledger=Some("no contributions n=1000")
  mismatch grp=Some("10") weight_total oracle=Some("29000") target=Some("50018") val oracle=Some("499510020") target=Some("499510001") count oracle=Some(1000) target=Some(1000) ledger=Some("no contributions n=1000")
  mismatch grp=Some("100") weight_total oracle=Some("121000") target=Some("145000") val oracle=Some("499600024") target=Some("499600000") count oracle=Some(1000) target=Some(1000) ledger=Some("no contributions n=1000")
  mismatch grp=Some("101") weight_total oracle=Some("125000") target=Some("138007") val oracle=Some("499601026") target=Some("499601001") count oracle=Some(1000) target=Some(1000) ledger=Some("no contributions n=1000")
  mismatch grp=Some("102") weight_total oracle=Some("126000") target=Some("134000") val oracle=Some("499602030") target=Some("499602000") count oracle=Some(1000) target=Some(1000) ledger=Some("no contributions n=1000")
  mismatch grp=Some("103") weight_total oracle=Some("128000") target=Some("151148") val oracle=Some("499603019") target=Some("499603007") count oracle=Some(1000) target=Some(1000) ledger=Some("no contributions n=1000")
  mismatch grp=Some("104") weight_total oracle=Some("119000") target=Some("135070") val oracle=Some("499604022") target=Some("499604005") count oracle=Some(1000) target=Some(1000) ledger=Some("no contributions n=1000")
[2m2026-09-26T09:33:46.355791Z[0m [33m WARN[0m [2mdeadpool.postgres[0m[2m:[0m Connection error: db error
rel-churn: 1000 children/parent, parents at 1000/s, children at 1000/s: 20000 parent + 20000 child updates; converged after never (tail -), oracle_ok=Some(false), wal 2977 MB
[2m2026-09-26T09:34:28.290564Z[0m [33m WARN[0m [2mtrellis::client[0m[2m:[0m maintenance step failed; retrying [3mstep[0m[2m=[0m"seal" [3merror[0m[2m=[0mring slot 0 still holds a live registry row; sealing into it would lap unretired work [3mfailures[0m[2m=[0m1
rel-churn: ledger seeded with 1000000 entries in 33.5s
[2m2026-09-26T09:35:29.705157Z[0m [33m WARN[0m [2mtrellis::client[0m[2m:[0m maintenance step failed; retrying [3mstep[0m[2m=[0m"seal" [3merror[0m[2m=[0mring slot 3 still holds a live registry row; sealing into it would lap unretired work [3mfailures[0m[2m=[0m1
  mismatch grp=Some("0") weight_total oracle=Some("187000") target=Some("388000") val oracle=Some("499500020") target=Some("499500000") count oracle=Some(1000) target=Some(1000) ledger=Some("no contributions n=1000")
  mismatch grp=Some("1") weight_total oracle=Some("201000") target=Some("424000") val oracle=Some("499501025") target=Some("499501000") count oracle=Some(1000) target=Some(1000) ledger=Some("no contributions n=1000")
  mismatch grp=Some("10") weight_total oracle=Some("187000") target=Some("388000") val oracle=Some("499510020") target=Some("499510000") count oracle=Some(1000) target=Some(1000) ledger=Some("no contributions n=1000")
  mismatch grp=Some("100") weight_total oracle=Some("187000") target=Some("388000") val oracle=Some("499600024") target=Some("499600000") count oracle=Some(1000) target=Some(1000) ledger=Some("no contributions n=1000")
  mismatch grp=Some("101") weight_total oracle=Some("201000") target=Some("424000") val oracle=Some("499601026") target=Some("499601000") count oracle=Some(1000) target=Some(1000) ledger=Some("no contributions n=1000")
  mismatch grp=Some("102") weight_total oracle=Some("221000") target=Some("476000") val oracle=Some("499602030") target=Some("499602000") count oracle=Some(1000) target=Some(1000) ledger=Some("no contributions n=1000")
  mismatch grp=Some("103") weight_total oracle=Some("200000") target=Some("443000") val oracle=Some("499603019") target=Some("499603000") count oracle=Some(1000) target=Some(1000) ledger=Some("no contributions n=1000")
  mismatch grp=Some("104") weight_total oracle=Some("206000") target=Some("469000") val oracle=Some("499604022") target=Some("499604000") count oracle=Some(1000) target=Some(1000) ledger=Some("no contributions n=1000")
[2m2026-09-26T09:40:49.487611Z[0m [33m WARN[0m [2mdeadpool.postgres[0m[2m:[0m Connection error: db error
rel-churn: 100000 children/parent, parents at 100/s, children at 1000/s: 2000 parent + 20000 child updates; converged after never (tail -), oracle_ok=Some(false), wal 2593 MB
[2m2026-09-26T09:41:31.618855Z[0m [33m WARN[0m [2mtrellis::client[0m[2m:[0m maintenance step failed; retrying [3mstep[0m[2m=[0m"seal" [3merror[0m[2m=[0mring slot 0 still holds a live registry row; sealing into it would lap unretired work [3mfailures[0m[2m=[0m1
rel-churn: ledger seeded with 1000000 entries in 33.6s
[2m2026-09-26T09:42:33.049717Z[0m [33m WARN[0m [2mtrellis::client[0m[2m:[0m maintenance step failed; retrying [3mstep[0m[2m=[0m"seal" [3merror[0m[2m=[0mring slot 3 still holds a live registry row; sealing into it would lap unretired work [3mfailures[0m[2m=[0m1
  mismatch grp=Some("0") weight_total oracle=Some("2011000") target=Some("5525364") val oracle=Some("499500020") target=Some("499500002") count oracle=Some(1000) target=Some(1000) ledger=Some("no contributions n=1000")
  mismatch grp=Some("1") weight_total oracle=Some("2037000") target=Some("4806378") val oracle=Some("499501025") target=Some("499501001") count oracle=Some(1000) target=Some(1000) ledger=Some("no contributions n=1000")
  mismatch grp=Some("10") weight_total oracle=Some("2011000") target=Some("5528967") val oracle=Some("499510020") target=Some("499510003") count oracle=Some(1000) target=Some(1000) ledger=Some("no contributions n=1000")
  mismatch grp=Some("100") weight_total oracle=Some("2011000") target=Some("5524989") val oracle=Some("499600024") target=Some("499600001") count oracle=Some(1000) target=Some(1000) ledger=Some("no contributions n=1000")
  mismatch grp=Some("101") weight_total oracle=Some("2037000") target=Some("4806000") val oracle=Some("499601026") target=Some("499601000") count oracle=Some(1000) target=Some(1000) ledger=Some("no contributions n=1000")
  mismatch grp=Some("102") weight_total oracle=Some("2037000") target=Some("4076000") val oracle=Some("499602030") target=Some("499602000") count oracle=Some(1000) target=Some(1000) ledger=Some("no contributions n=1000")
  mismatch grp=Some("103") weight_total oracle=Some("1983000") target=Some("5883000") val oracle=Some("499603019") target=Some("499603000") count oracle=Some(1000) target=Some(1000) ledger=Some("no contributions n=1000")
  mismatch grp=Some("104") weight_total oracle=Some("1998000") target=Some("5644975") val oracle=Some("499604022") target=Some("499604001") count oracle=Some(1000) target=Some(1000) ledger=Some("no contributions n=1000")
[2m2026-09-26T09:47:52.510677Z[0m [33m WARN[0m [2mdeadpool.postgres[0m[2m:[0m Connection error: db error
rel-churn: 100000 children/parent, parents at 1000/s, children at 1000/s: 20000 parent + 20000 child updates; converged after never (tail -), oracle_ok=Some(false), wal 2447 MB
