storage: /home/mike/exp558/tmpdisk (btrfs)
build-under-load: loaded 100000000 rows in 7.6s (13179529 rows/s)
[2m2026-09-27T17:14:12.005349Z[0m [33m WARN[0m [2mtrellis::client[0m[2m:[0m maintenance step failed; retrying [3mstep[0m[2m=[0m"seal" [3merror[0m[2m=[0mring slot 0 still holds a live registry row; sealing into it would lap unretired work [3mfailures[0m[2m=[0m1
[2m2026-09-27T17:14:22.021909Z[0m [33m WARN[0m [2mtrellis::client[0m[2m:[0m maintenance step failed; retrying [3mstep[0m[2m=[0m"seal" [3merror[0m[2m=[0mring slot 1 still holds a live registry row; sealing into it would lap unretired work [3mfailures[0m[2m=[0m1
[2m2026-09-27T17:15:15.290757Z[0m [33m WARN[0m [2mtrellis::client[0m[2m:[0m maintenance step failed; retrying [3mstep[0m[2m=[0m"seal" [3merror[0m[2m=[0mring slot 2 still holds a live registry row; sealing into it would lap unretired work [3mfailures[0m[2m=[0m1
[2m2026-09-27T17:15:36.958528Z[0m [33m WARN[0m [2mtrellis::client[0m[2m:[0m maintenance step failed; retrying [3mstep[0m[2m=[0m"seal" [3merror[0m[2m=[0mring slot 3 still holds a live registry row; sealing into it would lap unretired work [3mfailures[0m[2m=[0m1
[2m2026-09-27T17:16:37.155182Z[0m [33m WARN[0m [2mtrellis::client[0m[2m:[0m maintenance step failed; retrying [3mstep[0m[2m=[0m"seal" [3merror[0m[2m=[0mring slot 3 still holds a live registry row; sealing into it would lap unretired work [3mfailures[0m[2m=[0m199
[2m2026-09-27T17:17:37.358391Z[0m [33m WARN[0m [2mtrellis::client[0m[2m:[0m maintenance step failed; retrying [3mstep[0m[2m=[0m"seal" [3merror[0m[2m=[0mring slot 3 still holds a live registry row; sealing into it would lap unretired work [3mfailures[0m[2m=[0m397
[2m2026-09-27T17:18:37.453659Z[0m [33m WARN[0m [2mtrellis::client[0m[2m:[0m maintenance step failed; retrying [3mstep[0m[2m=[0m"seal" [3merror[0m[2m=[0mring slot 3 still holds a live registry row; sealing into it would lap unretired work [3mfailures[0m[2m=[0m594
[2m2026-09-27T17:19:37.743763Z[0m [33m WARN[0m [2mtrellis::client[0m[2m:[0m maintenance step failed; retrying [3mstep[0m[2m=[0m"seal" [3merror[0m[2m=[0mring slot 3 still holds a live registry row; sealing into it would lap unretired work [3mfailures[0m[2m=[0m792
[2m2026-09-27T17:20:37.962760Z[0m [33m WARN[0m [2mtrellis::client[0m[2m:[0m maintenance step failed; retrying [3mstep[0m[2m=[0m"seal" [3merror[0m[2m=[0mring slot 3 still holds a live registry row; sealing into it would lap unretired work [3mfailures[0m[2m=[0m990
[2m2026-09-27T17:20:50.503922Z[0m [33m WARN[0m [2mtrellis::client[0m[2m:[0m maintenance step failed; retrying [3mstep[0m[2m=[0m"seal" [3merror[0m[2m=[0mring slot 1 still holds a live registry row; sealing into it would lap unretired work [3mfailures[0m[2m=[0m1
[2m2026-09-27T17:21:50.629232Z[0m [33m WARN[0m [2mtrellis::client[0m[2m:[0m maintenance step failed; retrying [3mstep[0m[2m=[0m"seal" [3merror[0m[2m=[0mring slot 1 still holds a live registry row; sealing into it would lap unretired work [3mfailures[0m[2m=[0m187
[2m2026-09-27T17:22:50.927018Z[0m [33m WARN[0m [2mtrellis::client[0m[2m:[0m maintenance step failed; retrying [3mstep[0m[2m=[0m"seal" [3merror[0m[2m=[0mring slot 1 still holds a live registry row; sealing into it would lap unretired work [3mfailures[0m[2m=[0m384
[2m2026-09-27T17:23:51.141333Z[0m [33m WARN[0m [2mtrellis::client[0m[2m:[0m maintenance step failed; retrying [3mstep[0m[2m=[0m"seal" [3merror[0m[2m=[0mring slot 1 still holds a live registry row; sealing into it would lap unretired work [3mfailures[0m[2m=[0m581
[2m2026-09-27T17:24:51.220103Z[0m [33m WARN[0m [2mtrellis::client[0m[2m:[0m maintenance step failed; retrying [3mstep[0m[2m=[0m"seal" [3merror[0m[2m=[0mring slot 1 still holds a live registry row; sealing into it would lap unretired work [3mfailures[0m[2m=[0m777
[2m2026-09-27T17:25:51.344572Z[0m [33m WARN[0m [2mtrellis::client[0m[2m:[0m maintenance step failed; retrying [3mstep[0m[2m=[0m"seal" [3merror[0m[2m=[0mring slot 1 still holds a live registry row; sealing into it would lap unretired work [3mfailures[0m[2m=[0m973
[2m2026-09-27T17:26:51.379993Z[0m [33m WARN[0m [2mtrellis::client[0m[2m:[0m maintenance step failed; retrying [3mstep[0m[2m=[0m"seal" [3merror[0m[2m=[0mring slot 1 still holds a live registry row; sealing into it would lap unretired work [3mfailures[0m[2m=[0m1166
[2m2026-09-27T17:27:26.482112Z[0m [33m WARN[0m [2mtrellis::client[0m[2m:[0m maintenance step failed; retrying [3mstep[0m[2m=[0m"seal" [3merror[0m[2m=[0mring slot 3 still holds a live registry row; sealing into it would lap unretired work [3mfailures[0m[2m=[0m1
[2m2026-09-27T17:28:26.717082Z[0m [33m WARN[0m [2mtrellis::client[0m[2m:[0m maintenance step failed; retrying [3mstep[0m[2m=[0m"seal" [3merror[0m[2m=[0mring slot 3 still holds a live registry row; sealing into it would lap unretired work [3mfailures[0m[2m=[0m193
[2m2026-09-27T17:29:26.790807Z[0m [33m WARN[0m [2mtrellis::client[0m[2m:[0m maintenance step failed; retrying [3mstep[0m[2m=[0m"seal" [3merror[0m[2m=[0mring slot 3 still holds a live registry row; sealing into it would lap unretired work [3mfailures[0m[2m=[0m388
[2m2026-09-27T17:30:26.956234Z[0m [33m WARN[0m [2mtrellis::client[0m[2m:[0m maintenance step failed; retrying [3mstep[0m[2m=[0m"seal" [3merror[0m[2m=[0mring slot 3 still holds a live registry row; sealing into it would lap unretired work [3mfailures[0m[2m=[0m584
[2m2026-09-27T17:31:27.082207Z[0m [33m WARN[0m [2mtrellis::client[0m[2m:[0m maintenance step failed; retrying [3mstep[0m[2m=[0m"seal" [3merror[0m[2m=[0mring slot 3 still holds a live registry row; sealing into it would lap unretired work [3mfailures[0m[2m=[0m780
[2m2026-09-27T17:32:27.092813Z[0m [33m WARN[0m [2mtrellis::client[0m[2m:[0m maintenance step failed; retrying [3mstep[0m[2m=[0m"seal" [3merror[0m[2m=[0mring slot 3 still holds a live registry row; sealing into it would lap unretired work [3mfailures[0m[2m=[0m976
[2m2026-09-27T17:33:27.265830Z[0m [33m WARN[0m [2mtrellis::client[0m[2m:[0m maintenance step failed; retrying [3mstep[0m[2m=[0m"seal" [3merror[0m[2m=[0mring slot 3 still holds a live registry row; sealing into it would lap unretired work [3mfailures[0m[2m=[0m1172
[2m2026-09-27T17:34:27.386094Z[0m [33m WARN[0m [2mtrellis::client[0m[2m:[0m maintenance step failed; retrying [3mstep[0m[2m=[0m"seal" [3merror[0m[2m=[0mring slot 3 still holds a live registry row; sealing into it would lap unretired work [3mfailures[0m[2m=[0m1368
[2m2026-09-27T17:35:27.585162Z[0m [33m WARN[0m [2mtrellis::client[0m[2m:[0m maintenance step failed; retrying [3mstep[0m[2m=[0m"seal" [3merror[0m[2m=[0mring slot 3 still holds a live registry row; sealing into it would lap unretired work [3mfailures[0m[2m=[0m1564
[2m2026-09-27T17:36:27.752977Z[0m [33m WARN[0m [2mtrellis::client[0m[2m:[0m maintenance step failed; retrying [3mstep[0m[2m=[0m"seal" [3merror[0m[2m=[0mring slot 3 still holds a live registry row; sealing into it would lap unretired work [3mfailures[0m[2m=[0m1760
[2m2026-09-27T17:37:28.041331Z[0m [33m WARN[0m [2mtrellis::client[0m[2m:[0m maintenance step failed; retrying [3mstep[0m[2m=[0m"seal" [3merror[0m[2m=[0mring slot 3 still holds a live registry row; sealing into it would lap unretired work [3mfailures[0m[2m=[0m1957
[2m2026-09-27T17:38:28.281188Z[0m [33m WARN[0m [2mtrellis::client[0m[2m:[0m maintenance step failed; retrying [3mstep[0m[2m=[0m"seal" [3merror[0m[2m=[0mring slot 3 still holds a live registry row; sealing into it would lap unretired work [3mfailures[0m[2m=[0m2152
[2m2026-09-27T17:39:28.435712Z[0m [33m WARN[0m [2mtrellis::client[0m[2m:[0m maintenance step failed; retrying [3mstep[0m[2m=[0m"seal" [3merror[0m[2m=[0mring slot 3 still holds a live registry row; sealing into it would lap unretired work [3mfailures[0m[2m=[0m2348
[2m2026-09-27T17:40:28.438581Z[0m [33m WARN[0m [2mtrellis::client[0m[2m:[0m maintenance step failed; retrying [3mstep[0m[2m=[0m"seal" [3merror[0m[2m=[0mring slot 3 still holds a live registry row; sealing into it would lap unretired work [3mfailures[0m[2m=[0m2544
[2m2026-09-27T17:41:28.503208Z[0m [33m WARN[0m [2mtrellis::client[0m[2m:[0m maintenance step failed; retrying [3mstep[0m[2m=[0m"seal" [3merror[0m[2m=[0mring slot 3 still holds a live registry row; sealing into it would lap unretired work [3mfailures[0m[2m=[0m2740
[2m2026-09-27T17:42:28.614006Z[0m [33m WARN[0m [2mtrellis::client[0m[2m:[0m maintenance step failed; retrying [3mstep[0m[2m=[0m"seal" [3merror[0m[2m=[0mring slot 3 still holds a live registry row; sealing into it would lap unretired work [3mfailures[0m[2m=[0m2936
[2m2026-09-27T17:43:28.698409Z[0m [33m WARN[0m [2mtrellis::client[0m[2m:[0m maintenance step failed; retrying [3mstep[0m[2m=[0m"seal" [3merror[0m[2m=[0mring slot 3 still holds a live registry row; sealing into it would lap unretired work [3mfailures[0m[2m=[0m3131
[2m2026-09-27T17:44:28.768044Z[0m [33m WARN[0m [2mtrellis::client[0m[2m:[0m maintenance step failed; retrying [3mstep[0m[2m=[0m"seal" [3merror[0m[2m=[0mring slot 3 still holds a live registry row; sealing into it would lap unretired work [3mfailures[0m[2m=[0m3326
[2m2026-09-27T17:45:29.032095Z[0m [33m WARN[0m [2mtrellis::client[0m[2m:[0m maintenance step failed; retrying [3mstep[0m[2m=[0m"seal" [3merror[0m[2m=[0mring slot 3 still holds a live registry row; sealing into it would lap unretired work [3mfailures[0m[2m=[0m3523
[2m2026-09-27T17:46:29.192004Z[0m [33m WARN[0m [2mtrellis::client[0m[2m:[0m maintenance step failed; retrying [3mstep[0m[2m=[0m"seal" [3merror[0m[2m=[0mring slot 3 still holds a live registry row; sealing into it would lap unretired work [3mfailures[0m[2m=[0m3717
[2m2026-09-27T17:47:29.286189Z[0m [33m WARN[0m [2mtrellis::client[0m[2m:[0m maintenance step failed; retrying [3mstep[0m[2m=[0m"seal" [3merror[0m[2m=[0mring slot 3 still holds a live registry row; sealing into it would lap unretired work [3mfailures[0m[2m=[0m3913
[2m2026-09-27T17:48:29.548432Z[0m [33m WARN[0m [2mtrellis::client[0m[2m:[0m maintenance step failed; retrying [3mstep[0m[2m=[0m"seal" [3merror[0m[2m=[0mring slot 3 still holds a live registry row; sealing into it would lap unretired work [3mfailures[0m[2m=[0m4107
[2m2026-09-27T17:49:29.634481Z[0m [33m WARN[0m [2mtrellis::client[0m[2m:[0m maintenance step failed; retrying [3mstep[0m[2m=[0m"seal" [3merror[0m[2m=[0mring slot 3 still holds a live registry row; sealing into it would lap unretired work [3mfailures[0m[2m=[0m4303
[2m2026-09-27T17:50:29.794583Z[0m [33m WARN[0m [2mtrellis::client[0m[2m:[0m maintenance step failed; retrying [3mstep[0m[2m=[0m"seal" [3merror[0m[2m=[0mring slot 3 still holds a live registry row; sealing into it would lap unretired work [3mfailures[0m[2m=[0m4500
[2m2026-09-27T17:51:29.871931Z[0m [33m WARN[0m [2mtrellis::client[0m[2m:[0m maintenance step failed; retrying [3mstep[0m[2m=[0m"seal" [3merror[0m[2m=[0mring slot 3 still holds a live registry row; sealing into it would lap unretired work [3mfailures[0m[2m=[0m4696
[2m2026-09-27T17:52:30.019544Z[0m [33m WARN[0m [2mtrellis::client[0m[2m:[0m maintenance step failed; retrying [3mstep[0m[2m=[0m"seal" [3merror[0m[2m=[0mring slot 3 still holds a live registry row; sealing into it would lap unretired work [3mfailures[0m[2m=[0m4893
[2m2026-09-27T17:53:30.173263Z[0m [33m WARN[0m [2mtrellis::client[0m[2m:[0m maintenance step failed; retrying [3mstep[0m[2m=[0m"seal" [3merror[0m[2m=[0mring slot 3 still holds a live registry row; sealing into it would lap unretired work [3mfailures[0m[2m=[0m5090
[2m2026-09-27T17:54:30.348226Z[0m [33m WARN[0m [2mtrellis::client[0m[2m:[0m maintenance step failed; retrying [3mstep[0m[2m=[0m"seal" [3merror[0m[2m=[0mring slot 3 still holds a live registry row; sealing into it would lap unretired work [3mfailures[0m[2m=[0m5286
[2m2026-09-27T17:55:30.495880Z[0m [33m WARN[0m [2mtrellis::client[0m[2m:[0m maintenance step failed; retrying [3mstep[0m[2m=[0m"seal" [3merror[0m[2m=[0mring slot 3 still holds a live registry row; sealing into it would lap unretired work [3mfailures[0m[2m=[0m5483
[2m2026-09-27T17:56:30.790517Z[0m [33m WARN[0m [2mtrellis::client[0m[2m:[0m maintenance step failed; retrying [3mstep[0m[2m=[0m"seal" [3merror[0m[2m=[0mring slot 3 still holds a live registry row; sealing into it would lap unretired work [3mfailures[0m[2m=[0m5680
[2m2026-09-27T17:57:30.951347Z[0m [33m WARN[0m [2mtrellis::client[0m[2m:[0m maintenance step failed; retrying [3mstep[0m[2m=[0m"seal" [3merror[0m[2m=[0mring slot 3 still holds a live registry row; sealing into it would lap unretired work [3mfailures[0m[2m=[0m5876
[2m2026-09-27T17:58:31.182730Z[0m [33m WARN[0m [2mtrellis::client[0m[2m:[0m maintenance step failed; retrying [3mstep[0m[2m=[0m"seal" [3merror[0m[2m=[0mring slot 3 still holds a live registry row; sealing into it would lap unretired work [3mfailures[0m[2m=[0m6072
[2m2026-09-27T17:59:31.441310Z[0m [33m WARN[0m [2mtrellis::client[0m[2m:[0m maintenance step failed; retrying [3mstep[0m[2m=[0m"seal" [3merror[0m[2m=[0mring slot 3 still holds a live registry row; sealing into it would lap unretired work [3mfailures[0m[2m=[0m6268
[2m2026-09-27T18:00:31.480308Z[0m [33m WARN[0m [2mtrellis::client[0m[2m:[0m maintenance step failed; retrying [3mstep[0m[2m=[0m"seal" [3merror[0m[2m=[0mring slot 3 still holds a live registry row; sealing into it would lap unretired work [3mfailures[0m[2m=[0m6459
[2m2026-09-27T18:01:31.502410Z[0m [33m WARN[0m [2mtrellis::client[0m[2m:[0m maintenance step failed; retrying [3mstep[0m[2m=[0m"seal" [3merror[0m[2m=[0mring slot 3 still holds a live registry row; sealing into it would lap unretired work [3mfailures[0m[2m=[0m6655
[2m2026-09-27T18:02:31.655187Z[0m [33m WARN[0m [2mtrellis::client[0m[2m:[0m maintenance step failed; retrying [3mstep[0m[2m=[0m"seal" [3merror[0m[2m=[0mring slot 3 still holds a live registry row; sealing into it would lap unretired work [3mfailures[0m[2m=[0m6837
[2m2026-09-27T18:03:32.177648Z[0m [33m WARN[0m [2mtrellis::client[0m[2m:[0m maintenance step failed; retrying [3mstep[0m[2m=[0m"seal" [3merror[0m[2m=[0mring slot 3 still holds a live registry row; sealing into it would lap unretired work [3mfailures[0m[2m=[0m7030
[2m2026-09-27T18:04:32.462657Z[0m [33m WARN[0m [2mtrellis::client[0m[2m:[0m maintenance step failed; retrying [3mstep[0m[2m=[0m"seal" [3merror[0m[2m=[0mring slot 3 still holds a live registry row; sealing into it would lap unretired work [3mfailures[0m[2m=[0m7221
[2m2026-09-27T18:05:32.633005Z[0m [33m WARN[0m [2mtrellis::client[0m[2m:[0m maintenance step failed; retrying [3mstep[0m[2m=[0m"seal" [3merror[0m[2m=[0mring slot 3 still holds a live registry row; sealing into it would lap unretired work [3mfailures[0m[2m=[0m7411
[2m2026-09-27T18:06:32.733496Z[0m [33m WARN[0m [2mtrellis::client[0m[2m:[0m maintenance step failed; retrying [3mstep[0m[2m=[0m"seal" [3merror[0m[2m=[0mring slot 3 still holds a live registry row; sealing into it would lap unretired work [3mfailures[0m[2m=[0m7604
[2m2026-09-27T18:07:32.833392Z[0m [33m WARN[0m [2mtrellis::client[0m[2m:[0m maintenance step failed; retrying [3mstep[0m[2m=[0m"seal" [3merror[0m[2m=[0mring slot 3 still holds a live registry row; sealing into it would lap unretired work [3mfailures[0m[2m=[0m7798
[2m2026-09-27T18:08:33.073768Z[0m [33m WARN[0m [2mtrellis::client[0m[2m:[0m maintenance step failed; retrying [3mstep[0m[2m=[0m"seal" [3merror[0m[2m=[0mring slot 3 still holds a live registry row; sealing into it would lap unretired work [3mfailures[0m[2m=[0m7994
[2m2026-09-27T18:09:33.258378Z[0m [33m WARN[0m [2mtrellis::client[0m[2m:[0m maintenance step failed; retrying [3mstep[0m[2m=[0m"seal" [3merror[0m[2m=[0mring slot 3 still holds a live registry row; sealing into it would lap unretired work [3mfailures[0m[2m=[0m8181
[2m2026-09-27T18:10:33.546681Z[0m [33m WARN[0m [2mtrellis::client[0m[2m:[0m maintenance step failed; retrying [3mstep[0m[2m=[0m"seal" [3merror[0m[2m=[0mring slot 3 still holds a live registry row; sealing into it would lap unretired work [3mfailures[0m[2m=[0m8376
[2m2026-09-27T18:11:33.578219Z[0m [33m WARN[0m [2mtrellis::client[0m[2m:[0m maintenance step failed; retrying [3mstep[0m[2m=[0m"seal" [3merror[0m[2m=[0mring slot 3 still holds a live registry row; sealing into it would lap unretired work [3mfailures[0m[2m=[0m8570
[2m2026-09-27T18:12:33.716782Z[0m [33m WARN[0m [2mtrellis::client[0m[2m:[0m maintenance step failed; retrying [3mstep[0m[2m=[0m"seal" [3merror[0m[2m=[0mring slot 3 still holds a live registry row; sealing into it would lap unretired work [3mfailures[0m[2m=[0m8760
[2m2026-09-27T18:13:33.850313Z[0m [33m WARN[0m [2mtrellis::client[0m[2m:[0m maintenance step failed; retrying [3mstep[0m[2m=[0m"seal" [3merror[0m[2m=[0mring slot 3 still holds a live registry row; sealing into it would lap unretired work [3mfailures[0m[2m=[0m8954
[2m2026-09-27T18:14:34.023919Z[0m [33m WARN[0m [2mtrellis::client[0m[2m:[0m maintenance step failed; retrying [3mstep[0m[2m=[0m"seal" [3merror[0m[2m=[0mring slot 3 still holds a live registry row; sealing into it would lap unretired work [3mfailures[0m[2m=[0m9148
[2m2026-09-27T18:15:34.065275Z[0m [33m WARN[0m [2mtrellis::client[0m[2m:[0m maintenance step failed; retrying [3mstep[0m[2m=[0m"seal" [3merror[0m[2m=[0mring slot 3 still holds a live registry row; sealing into it would lap unretired work [3mfailures[0m[2m=[0m9341
[2m2026-09-27T18:16:34.232350Z[0m [33m WARN[0m [2mtrellis::client[0m[2m:[0m maintenance step failed; retrying [3mstep[0m[2m=[0m"seal" [3merror[0m[2m=[0mring slot 3 still holds a live registry row; sealing into it would lap unretired work [3mfailures[0m[2m=[0m9537
[2m2026-09-27T18:17:34.513973Z[0m [33m WARN[0m [2mtrellis::client[0m[2m:[0m maintenance step failed; retrying [3mstep[0m[2m=[0m"seal" [3merror[0m[2m=[0mring slot 3 still holds a live registry row; sealing into it would lap unretired work [3mfailures[0m[2m=[0m9730
[2m2026-09-27T18:18:34.770232Z[0m [33m WARN[0m [2mtrellis::client[0m[2m:[0m maintenance step failed; retrying [3mstep[0m[2m=[0m"seal" [3merror[0m[2m=[0mring slot 3 still holds a live registry row; sealing into it would lap unretired work [3mfailures[0m[2m=[0m9922
[2m2026-09-27T18:19:34.770853Z[0m [33m WARN[0m [2mtrellis::client[0m[2m:[0m maintenance step failed; retrying [3mstep[0m[2m=[0m"seal" [3merror[0m[2m=[0mring slot 3 still holds a live registry row; sealing into it would lap unretired work [3mfailures[0m[2m=[0m10116
[2m2026-09-27T18:20:34.832062Z[0m [33m WARN[0m [2mtrellis::client[0m[2m:[0m maintenance step failed; retrying [3mstep[0m[2m=[0m"seal" [3merror[0m[2m=[0mring slot 3 still holds a live registry row; sealing into it would lap unretired work [3mfailures[0m[2m=[0m10306
[2m2026-09-27T18:21:34.974881Z[0m [33m WARN[0m [2mtrellis::client[0m[2m:[0m maintenance step failed; retrying [3mstep[0m[2m=[0m"seal" [3merror[0m[2m=[0mring slot 3 still holds a live registry row; sealing into it would lap unretired work [3mfailures[0m[2m=[0m10502
[2m2026-09-27T18:22:35.154362Z[0m [33m WARN[0m [2mtrellis::client[0m[2m:[0m maintenance step failed; retrying [3mstep[0m[2m=[0m"seal" [3merror[0m[2m=[0mring slot 3 still holds a live registry row; sealing into it would lap unretired work [3mfailures[0m[2m=[0m10695
[2m2026-09-27T18:23:35.325195Z[0m [33m WARN[0m [2mtrellis::client[0m[2m:[0m maintenance step failed; retrying [3mstep[0m[2m=[0m"seal" [3merror[0m[2m=[0mring slot 3 still holds a live registry row; sealing into it would lap unretired work [3mfailures[0m[2m=[0m10890
[2m2026-09-27T18:24:35.500989Z[0m [33m WARN[0m [2mtrellis::client[0m[2m:[0m maintenance step failed; retrying [3mstep[0m[2m=[0m"seal" [3merror[0m[2m=[0mring slot 3 still holds a live registry row; sealing into it would lap unretired work [3mfailures[0m[2m=[0m11081
[2m2026-09-27T18:25:35.729240Z[0m [33m WARN[0m [2mtrellis::client[0m[2m:[0m maintenance step failed; retrying [3mstep[0m[2m=[0m"seal" [3merror[0m[2m=[0mring slot 3 still holds a live registry row; sealing into it would lap unretired work [3mfailures[0m[2m=[0m11273
[2m2026-09-27T18:26:35.976362Z[0m [33m WARN[0m [2mtrellis::client[0m[2m:[0m maintenance step failed; retrying [3mstep[0m[2m=[0m"seal" [3merror[0m[2m=[0mring slot 3 still holds a live registry row; sealing into it would lap unretired work [3mfailures[0m[2m=[0m11468
[2m2026-09-27T18:27:36.060981Z[0m [33m WARN[0m [2mtrellis::client[0m[2m:[0m maintenance step failed; retrying [3mstep[0m[2m=[0m"seal" [3merror[0m[2m=[0mring slot 3 still holds a live registry row; sealing into it would lap unretired work [3mfailures[0m[2m=[0m11657
[2m2026-09-27T18:28:36.256267Z[0m [33m WARN[0m [2mtrellis::client[0m[2m:[0m maintenance step failed; retrying [3mstep[0m[2m=[0m"seal" [3merror[0m[2m=[0mring slot 3 still holds a live registry row; sealing into it would lap unretired work [3mfailures[0m[2m=[0m11852
[2m2026-09-27T18:29:36.542285Z[0m [33m WARN[0m [2mtrellis::client[0m[2m:[0m maintenance step failed; retrying [3mstep[0m[2m=[0m"seal" [3merror[0m[2m=[0mring slot 3 still holds a live registry row; sealing into it would lap unretired work [3mfailures[0m[2m=[0m12048
[2m2026-09-27T18:30:37.098077Z[0m [33m WARN[0m [2mtrellis::client[0m[2m:[0m maintenance step failed; retrying [3mstep[0m[2m=[0m"seal" [3merror[0m[2m=[0mring slot 3 still holds a live registry row; sealing into it would lap unretired work [3mfailures[0m[2m=[0m12243
[2m2026-09-27T18:31:37.376027Z[0m [33m WARN[0m [2mtrellis::client[0m[2m:[0m maintenance step failed; retrying [3mstep[0m[2m=[0m"seal" [3merror[0m[2m=[0mring slot 3 still holds a live registry row; sealing into it would lap unretired work [3mfailures[0m[2m=[0m12439
[2m2026-09-27T18:32:37.591458Z[0m [33m WARN[0m [2mtrellis::client[0m[2m:[0m maintenance step failed; retrying [3mstep[0m[2m=[0m"seal" [3merror[0m[2m=[0mring slot 3 still holds a live registry row; sealing into it would lap unretired work [3mfailures[0m[2m=[0m12633
[2m2026-09-27T18:33:37.670825Z[0m [33m WARN[0m [2mtrellis::client[0m[2m:[0m maintenance step failed; retrying [3mstep[0m[2m=[0m"seal" [3merror[0m[2m=[0mring slot 3 still holds a live registry row; sealing into it would lap unretired work [3mfailures[0m[2m=[0m12828
[2m2026-09-27T18:34:37.895078Z[0m [33m WARN[0m [2mtrellis::client[0m[2m:[0m maintenance step failed; retrying [3mstep[0m[2m=[0m"seal" [3merror[0m[2m=[0mring slot 3 still holds a live registry row; sealing into it would lap unretired work [3mfailures[0m[2m=[0m13024
[2m2026-09-27T18:35:37.960709Z[0m [33m WARN[0m [2mtrellis::client[0m[2m:[0m maintenance step failed; retrying [3mstep[0m[2m=[0m"seal" [3merror[0m[2m=[0mring slot 3 still holds a live registry row; sealing into it would lap unretired work [3mfailures[0m[2m=[0m13218
[2m2026-09-27T18:36:38.019593Z[0m [33m WARN[0m [2mtrellis::client[0m[2m:[0m maintenance step failed; retrying [3mstep[0m[2m=[0m"seal" [3merror[0m[2m=[0mring slot 3 still holds a live registry row; sealing into it would lap unretired work [3mfailures[0m[2m=[0m13410
[2m2026-09-27T18:37:38.256440Z[0m [33m WARN[0m [2mtrellis::client[0m[2m:[0m maintenance step failed; retrying [3mstep[0m[2m=[0m"seal" [3merror[0m[2m=[0mring slot 3 still holds a live registry row; sealing into it would lap unretired work [3mfailures[0m[2m=[0m13602
[2m2026-09-27T18:38:38.288414Z[0m [33m WARN[0m [2mtrellis::client[0m[2m:[0m maintenance step failed; retrying [3mstep[0m[2m=[0m"seal" [3merror[0m[2m=[0mring slot 3 still holds a live registry row; sealing into it would lap unretired work [3mfailures[0m[2m=[0m13796
[2m2026-09-27T18:39:38.488187Z[0m [33m WARN[0m [2mtrellis::client[0m[2m:[0m maintenance step failed; retrying [3mstep[0m[2m=[0m"seal" [3merror[0m[2m=[0mring slot 3 still holds a live registry row; sealing into it would lap unretired work [3mfailures[0m[2m=[0m13984
[2m2026-09-27T18:40:38.533970Z[0m [33m WARN[0m [2mtrellis::client[0m[2m:[0m maintenance step failed; retrying [3mstep[0m[2m=[0m"seal" [3merror[0m[2m=[0mring slot 3 still holds a live registry row; sealing into it would lap unretired work [3mfailures[0m[2m=[0m14180
[2m2026-09-27T18:41:38.609694Z[0m [33m WARN[0m [2mtrellis::client[0m[2m:[0m maintenance step failed; retrying [3mstep[0m[2m=[0m"seal" [3merror[0m[2m=[0mring slot 3 still holds a live registry row; sealing into it would lap unretired work [3mfailures[0m[2m=[0m14374
[2m2026-09-27T18:42:38.759154Z[0m [33m WARN[0m [2mtrellis::client[0m[2m:[0m maintenance step failed; retrying [3mstep[0m[2m=[0m"seal" [3merror[0m[2m=[0mring slot 3 still holds a live registry row; sealing into it would lap unretired work [3mfailures[0m[2m=[0m14564
[2m2026-09-27T18:43:38.863927Z[0m [33m WARN[0m [2mtrellis::client[0m[2m:[0m maintenance step failed; retrying [3mstep[0m[2m=[0m"seal" [3merror[0m[2m=[0mring slot 3 still holds a live registry row; sealing into it would lap unretired work [3mfailures[0m[2m=[0m14760
[2m2026-09-27T18:44:38.991375Z[0m [33m WARN[0m [2mtrellis::client[0m[2m:[0m maintenance step failed; retrying [3mstep[0m[2m=[0m"seal" [3merror[0m[2m=[0mring slot 3 still holds a live registry row; sealing into it would lap unretired work [3mfailures[0m[2m=[0m14956
[2m2026-09-27T18:45:39.099851Z[0m [33m WARN[0m [2mtrellis::client[0m[2m:[0m maintenance step failed; retrying [3mstep[0m[2m=[0m"seal" [3merror[0m[2m=[0mring slot 3 still holds a live registry row; sealing into it would lap unretired work [3mfailures[0m[2m=[0m15152
[2m2026-09-27T18:46:39.158972Z[0m [33m WARN[0m [2mtrellis::client[0m[2m:[0m maintenance step failed; retrying [3mstep[0m[2m=[0m"seal" [3merror[0m[2m=[0mring slot 3 still holds a live registry row; sealing into it would lap unretired work [3mfailures[0m[2m=[0m15346
[2m2026-09-27T18:47:39.347298Z[0m [33m WARN[0m [2mtrellis::client[0m[2m:[0m maintenance step failed; retrying [3mstep[0m[2m=[0m"seal" [3merror[0m[2m=[0mring slot 3 still holds a live registry row; sealing into it would lap unretired work [3mfailures[0m[2m=[0m15539
[2m2026-09-27T18:48:39.365209Z[0m [33m WARN[0m [2mtrellis::client[0m[2m:[0m maintenance step failed; retrying [3mstep[0m[2m=[0m"seal" [3merror[0m[2m=[0mring slot 3 still holds a live registry row; sealing into it would lap unretired work [3mfailures[0m[2m=[0m15734
[2m2026-09-27T18:49:39.556098Z[0m [33m WARN[0m [2mtrellis::client[0m[2m:[0m maintenance step failed; retrying [3mstep[0m[2m=[0m"seal" [3merror[0m[2m=[0mring slot 3 still holds a live registry row; sealing into it would lap unretired work [3mfailures[0m[2m=[0m15930
[2m2026-09-27T18:50:39.595802Z[0m [33m WARN[0m [2mtrellis::client[0m[2m:[0m maintenance step failed; retrying [3mstep[0m[2m=[0m"seal" [3merror[0m[2m=[0mring slot 3 still holds a live registry row; sealing into it would lap unretired work [3mfailures[0m[2m=[0m16125
[2m2026-09-27T18:51:39.684401Z[0m [33m WARN[0m [2mtrellis::client[0m[2m:[0m maintenance step failed; retrying [3mstep[0m[2m=[0m"seal" [3merror[0m[2m=[0mring slot 3 still holds a live registry row; sealing into it would lap unretired work [3mfailures[0m[2m=[0m16319
[2m2026-09-27T18:52:39.722000Z[0m [33m WARN[0m [2mtrellis::client[0m[2m:[0m maintenance step failed; retrying [3mstep[0m[2m=[0m"seal" [3merror[0m[2m=[0mring slot 3 still holds a live registry row; sealing into it would lap unretired work [3mfailures[0m[2m=[0m16515
[2m2026-09-27T18:53:39.932433Z[0m [33m WARN[0m [2mtrellis::client[0m[2m:[0m maintenance step failed; retrying [3mstep[0m[2m=[0m"seal" [3merror[0m[2m=[0mring slot 3 still holds a live registry row; sealing into it would lap unretired work [3mfailures[0m[2m=[0m16709
[2m2026-09-27T18:54:39.954326Z[0m [33m WARN[0m [2mtrellis::client[0m[2m:[0m maintenance step failed; retrying [3mstep[0m[2m=[0m"seal" [3merror[0m[2m=[0mring slot 3 still holds a live registry row; sealing into it would lap unretired work [3mfailures[0m[2m=[0m16901
[2m2026-09-27T18:55:40.050147Z[0m [33m WARN[0m [2mtrellis::client[0m[2m:[0m maintenance step failed; retrying [3mstep[0m[2m=[0m"seal" [3merror[0m[2m=[0mring slot 3 still holds a live registry row; sealing into it would lap unretired work [3mfailures[0m[2m=[0m17097
[2m2026-09-27T18:56:40.263963Z[0m [33m WARN[0m [2mtrellis::client[0m[2m:[0m maintenance step failed; retrying [3mstep[0m[2m=[0m"seal" [3merror[0m[2m=[0mring slot 3 still holds a live registry row; sealing into it would lap unretired work [3mfailures[0m[2m=[0m17290
[2m2026-09-27T18:57:40.478337Z[0m [33m WARN[0m [2mtrellis::client[0m[2m:[0m maintenance step failed; retrying [3mstep[0m[2m=[0m"seal" [3merror[0m[2m=[0mring slot 3 still holds a live registry row; sealing into it would lap unretired work [3mfailures[0m[2m=[0m17483
[2m2026-09-27T18:58:40.674856Z[0m [33m WARN[0m [2mtrellis::client[0m[2m:[0m maintenance step failed; retrying [3mstep[0m[2m=[0m"seal" [3merror[0m[2m=[0mring slot 3 still holds a live registry row; sealing into it would lap unretired work [3mfailures[0m[2m=[0m17679
[2m2026-09-27T18:59:40.829804Z[0m [33m WARN[0m [2mtrellis::client[0m[2m:[0m maintenance step failed; retrying [3mstep[0m[2m=[0m"seal" [3merror[0m[2m=[0mring slot 3 still holds a live registry row; sealing into it would lap unretired work [3mfailures[0m[2m=[0m17870
[2m2026-09-27T19:00:40.988070Z[0m [33m WARN[0m [2mtrellis::client[0m[2m:[0m maintenance step failed; retrying [3mstep[0m[2m=[0m"seal" [3merror[0m[2m=[0mring slot 3 still holds a live registry row; sealing into it would lap unretired work [3mfailures[0m[2m=[0m18056
[2m2026-09-27T19:01:41.206731Z[0m [33m WARN[0m [2mtrellis::client[0m[2m:[0m maintenance step failed; retrying [3mstep[0m[2m=[0m"seal" [3merror[0m[2m=[0mring slot 3 still holds a live registry row; sealing into it would lap unretired work [3mfailures[0m[2m=[0m18238
[2m2026-09-27T19:02:41.277029Z[0m [33m WARN[0m [2mtrellis::client[0m[2m:[0m maintenance step failed; retrying [3mstep[0m[2m=[0m"seal" [3merror[0m[2m=[0mring slot 3 still holds a live registry row; sealing into it would lap unretired work [3mfailures[0m[2m=[0m18420
[2m2026-09-27T19:03:41.556817Z[0m [33m WARN[0m [2mtrellis::client[0m[2m:[0m maintenance step failed; retrying [3mstep[0m[2m=[0m"seal" [3merror[0m[2m=[0mring slot 3 still holds a live registry row; sealing into it would lap unretired work [3mfailures[0m[2m=[0m18611
[2m2026-09-27T19:04:41.827994Z[0m [33m WARN[0m [2mtrellis::client[0m[2m:[0m maintenance step failed; retrying [3mstep[0m[2m=[0m"seal" [3merror[0m[2m=[0mring slot 3 still holds a live registry row; sealing into it would lap unretired work [3mfailures[0m[2m=[0m18801
[2m2026-09-27T19:05:41.874177Z[0m [33m WARN[0m [2mtrellis::client[0m[2m:[0m maintenance step failed; retrying [3mstep[0m[2m=[0m"seal" [3merror[0m[2m=[0mring slot 3 still holds a live registry row; sealing into it would lap unretired work [3mfailures[0m[2m=[0m18992
[2m2026-09-27T19:06:42.074225Z[0m [33m WARN[0m [2mtrellis::client[0m[2m:[0m maintenance step failed; retrying [3mstep[0m[2m=[0m"seal" [3merror[0m[2m=[0mring slot 3 still holds a live registry row; sealing into it would lap unretired work [3mfailures[0m[2m=[0m19188
[2m2026-09-27T19:07:42.375380Z[0m [33m WARN[0m [2mtrellis::client[0m[2m:[0m maintenance step failed; retrying [3mstep[0m[2m=[0m"seal" [3merror[0m[2m=[0mring slot 3 still holds a live registry row; sealing into it would lap unretired work [3mfailures[0m[2m=[0m19383
[2m2026-09-27T19:08:42.414972Z[0m [33m WARN[0m [2mtrellis::client[0m[2m:[0m maintenance step failed; retrying [3mstep[0m[2m=[0m"seal" [3merror[0m[2m=[0mring slot 3 still holds a live registry row; sealing into it would lap unretired work [3mfailures[0m[2m=[0m19579
[2m2026-09-27T19:09:42.505767Z[0m [33m WARN[0m [2mtrellis::client[0m[2m:[0m maintenance step failed; retrying [3mstep[0m[2m=[0m"seal" [3merror[0m[2m=[0mring slot 3 still holds a live registry row; sealing into it would lap unretired work [3mfailures[0m[2m=[0m19775
[2m2026-09-27T19:10:42.757798Z[0m [33m WARN[0m [2mtrellis::client[0m[2m:[0m maintenance step failed; retrying [3mstep[0m[2m=[0m"seal" [3merror[0m[2m=[0mring slot 3 still holds a live registry row; sealing into it would lap unretired work [3mfailures[0m[2m=[0m19968
[2m2026-09-27T19:11:42.980779Z[0m [33m WARN[0m [2mtrellis::client[0m[2m:[0m maintenance step failed; retrying [3mstep[0m[2m=[0m"seal" [3merror[0m[2m=[0mring slot 3 still holds a live registry row; sealing into it would lap unretired work [3mfailures[0m[2m=[0m20164
[2m2026-09-27T19:12:43.202486Z[0m [33m WARN[0m [2mtrellis::client[0m[2m:[0m maintenance step failed; retrying [3mstep[0m[2m=[0m"seal" [3merror[0m[2m=[0mring slot 3 still holds a live registry row; sealing into it would lap unretired work [3mfailures[0m[2m=[0m20359
[2m2026-09-27T19:13:43.295622Z[0m [33m WARN[0m [2mtrellis::client[0m[2m:[0m maintenance step failed; retrying [3mstep[0m[2m=[0m"seal" [3merror[0m[2m=[0mring slot 3 still holds a live registry row; sealing into it would lap unretired work [3mfailures[0m[2m=[0m20548
[2m2026-09-27T19:14:43.498523Z[0m [33m WARN[0m [2mtrellis::client[0m[2m:[0m maintenance step failed; retrying [3mstep[0m[2m=[0m"seal" [3merror[0m[2m=[0mring slot 3 still holds a live registry row; sealing into it would lap unretired work [3mfailures[0m[2m=[0m20741
[2m2026-09-27T19:15:43.741771Z[0m [33m WARN[0m [2mtrellis::client[0m[2m:[0m maintenance step failed; retrying [3mstep[0m[2m=[0m"seal" [3merror[0m[2m=[0mring slot 3 still holds a live registry row; sealing into it would lap unretired work [3mfailures[0m[2m=[0m20937
[2m2026-09-27T19:16:43.998861Z[0m [33m WARN[0m [2mtrellis::client[0m[2m:[0m maintenance step failed; retrying [3mstep[0m[2m=[0m"seal" [3merror[0m[2m=[0mring slot 3 still holds a live registry row; sealing into it would lap unretired work [3mfailures[0m[2m=[0m21134
[2m2026-09-27T19:17:44.236484Z[0m [33m WARN[0m [2mtrellis::client[0m[2m:[0m maintenance step failed; retrying [3mstep[0m[2m=[0m"seal" [3merror[0m[2m=[0mring slot 3 still holds a live registry row; sealing into it would lap unretired work [3mfailures[0m[2m=[0m21331
[2m2026-09-27T19:18:44.304153Z[0m [33m WARN[0m [2mtrellis::client[0m[2m:[0m maintenance step failed; retrying [3mstep[0m[2m=[0m"seal" [3merror[0m[2m=[0mring slot 3 still holds a live registry row; sealing into it would lap unretired work [3mfailures[0m[2m=[0m21524
[2m2026-09-27T19:19:44.375108Z[0m [33m WARN[0m [2mtrellis::client[0m[2m:[0m maintenance step failed; retrying [3mstep[0m[2m=[0m"seal" [3merror[0m[2m=[0mring slot 3 still holds a live registry row; sealing into it would lap unretired work [3mfailures[0m[2m=[0m21714
[2m2026-09-27T19:20:44.524648Z[0m [33m WARN[0m [2mtrellis::client[0m[2m:[0m maintenance step failed; retrying [3mstep[0m[2m=[0m"seal" [3merror[0m[2m=[0mring slot 3 still holds a live registry row; sealing into it would lap unretired work [3mfailures[0m[2m=[0m21910
[2m2026-09-27T19:21:44.601056Z[0m [33m WARN[0m [2mtrellis::client[0m[2m:[0m maintenance step failed; retrying [3mstep[0m[2m=[0m"seal" [3merror[0m[2m=[0mring slot 3 still holds a live registry row; sealing into it would lap unretired work [3mfailures[0m[2m=[0m22104
[2m2026-09-27T19:22:23.854043Z[0m [33m WARN[0m [2mdeadpool.postgres[0m[2m:[0m Connection error: db error
[2m2026-09-27T19:22:23.854038Z[0m [33m WARN[0m [2mdeadpool.postgres[0m[2m:[0m Connection error: db error
[2m2026-09-27T19:22:23.854249Z[0m [33m WARN[0m [2mdeadpool.postgres[0m[2m:[0m Connection error: db error
[2m2026-09-27T19:22:23.854465Z[0m [33m WARN[0m [2mtrellis::client[0m[2m:[0m wake listener's LISTEN connection closed; polling until it reopens [3mretry_in[0m[2m=[0m250ms
[2m2026-09-27T19:22:23.854488Z[0m [33m WARN[0m [2mtrellis::client[0m[2m:[0m wake listener's LISTEN connection closed; polling until it reopens [3mretry_in[0m[2m=[0m250ms
[2m2026-09-27T19:22:23.854508Z[0m [33m WARN[0m [2mtrellis::client[0m[2m:[0m wake listener's LISTEN connection closed; polling until it reopens [3mretry_in[0m[2m=[0m250ms
[2m2026-09-27T19:22:23.854526Z[0m [33m WARN[0m [2mdeadpool.postgres[0m[2m:[0m Connection error: db error
[2m2026-09-27T19:22:23.854542Z[0m [33m WARN[0m [2mtrellis::client[0m[2m:[0m wake listener's LISTEN connection closed; polling until it reopens [3mretry_in[0m[2m=[0m250ms
[2m2026-09-27T19:22:23.854559Z[0m [33m WARN[0m [2mdeadpool.postgres[0m[2m:[0m Connection error: db error
[2m2026-09-27T19:22:23.854660Z[0m [33m WARN[0m [2mdeadpool.postgres[0m[2m:[0m Connection error: db error
[2m2026-09-27T19:22:23.855434Z[0m [33m WARN[0m [2mtrellis::client[0m[2m:[0m wake listener's LISTEN connection closed; polling until it reopens [3mretry_in[0m[2m=[0m250ms
[2m2026-09-27T19:22:23.855557Z[0m [33m WARN[0m [2mtrellis::client[0m[2m:[0m wake listener's LISTEN connection closed; polling until it reopens [3mretry_in[0m[2m=[0m250ms
[2m2026-09-27T19:22:23.855580Z[0m [33m WARN[0m [2mdeadpool.postgres[0m[2m:[0m Connection error: db error
[2m2026-09-27T19:22:23.855762Z[0m [33m WARN[0m [2mdeadpool.postgres[0m[2m:[0m Connection error: db error
[2m2026-09-27T19:22:23.857436Z[0m [33m WARN[0m [2mtrellis::client[0m[2m:[0m wake listener's LISTEN connection closed; polling until it reopens [3mretry_in[0m[2m=[0m250ms
[2m2026-09-27T19:22:23.857508Z[0m [33m WARN[0m [2mtrellis::client[0m[2m:[0m wake listener's LISTEN connection closed; polling until it reopens [3mretry_in[0m[2m=[0m250ms
[2m2026-09-27T19:22:23.857531Z[0m [33m WARN[0m [2mdeadpool.postgres[0m[2m:[0m Connection error: db error
[2m2026-09-27T19:22:23.871680Z[0m [33m WARN[0m [2mdeadpool.postgres[0m[2m:[0m Connection could not be recycled: Connection closed
[2m2026-09-27T19:22:23.871709Z[0m [33m WARN[0m [2mdeadpool.postgres[0m[2m:[0m Connection could not be recycled: Connection closed
[2m2026-09-27T19:22:23.871716Z[0m [33m WARN[0m [2mdeadpool.postgres[0m[2m:[0m Connection could not be recycled: Connection closed
[2m2026-09-27T19:22:23.871723Z[0m [33m WARN[0m [2mdeadpool.postgres[0m[2m:[0m Connection could not be recycled: Connection closed
[2m2026-09-27T19:22:23.871729Z[0m [33m WARN[0m [2mdeadpool.postgres[0m[2m:[0m Connection could not be recycled: Connection closed
build-under-load: writer update_grp failed: db error
build-under-load: writer update_amt failed: db error
build-under-load: writer insert failed: db error
build-under-load: writer update_grp failed: db error
build-under-load: writer update_grp failed: db error
[2m2026-09-27T19:22:23.881967Z[0m [33m WARN[0m [2mdeadpool.postgres[0m[2m:[0m Connection could not be recycled: Connection closed
[2m2026-09-27T19:22:23.881983Z[0m [33m WARN[0m [2mdeadpool.postgres[0m[2m:[0m Connection could not be recycled: Connection closed
[2m2026-09-27T19:22:23.881994Z[0m [33m WARN[0m [2mdeadpool.postgres[0m[2m:[0m Connection could not be recycled: Connection closed
build-under-load: writer update_grp failed: db error
build-under-load: writer update_grp failed: connection closed
build-under-load: writer update_amt failed: connection closed
build-under-load: writer update_amt failed: connection closed
build-under-load: writer insert failed: connection closed
build-under-load: writer update_amt failed: connection closed
build-under-load: writer update_amt failed: connection closed
[2m2026-09-27T19:22:23.892200Z[0m [31mERROR[0m [2mtrellis::client[0m[2m:[0m CDC intake stopped with an error; source changes are not being staged until it restarts [3mslot[0m[2m=[0mtrellis_slot [3merror[0m[2m=[0mstaging ring database error: connection closed [3mcode[0m[2m=[0mConnectivity [3mran_for[0m[2m=[0m7727.620907371s [3mretry_in[0m[2m=[0m1s [3mrestarts[0m[2m=[0m1 [3mconsecutive_failures[0m[2m=[0m1
[2m2026-09-27T19:22:23.892282Z[0m [33m WARN[0m [2mdeadpool.postgres[0m[2m:[0m Connection error: error communicating with the server
[2m2026-09-27T19:22:23.892310Z[0m [33m WARN[0m [2mdeadpool.postgres[0m[2m:[0m Connection could not be recycled: Connection closed
[2m2026-09-27T19:22:23.896666Z[0m [33m WARN[0m [2mdeadpool.postgres[0m[2m:[0m Connection error: connection closed
[2m2026-09-27T19:22:23.896695Z[0m [33m WARN[0m [2mdeadpool.postgres[0m[2m:[0m Connection could not be recycled: Connection closed
build-under-load: writer delete failed: connection closed
build-under-load: writer update_amt failed: connection closed
build-under-load: writer update_amt failed: connection closed
build-under-load: writer delete failed: connection closed
build-under-load: writer update_amt failed: connection closed
build-under-load: writer update_grp failed: connection closed
build-under-load: writer update_amt failed: connection closed
build-under-load: writer update_amt failed: connection closed
build-under-load: writer update_amt failed: connection closed
build-under-load: writer update_amt failed: connection closed
[2m2026-09-27T19:22:23.901719Z[0m [33m WARN[0m [2mdeadpool.postgres[0m[2m:[0m Connection error: connection closed
[2m2026-09-27T19:22:23.901749Z[0m [33m WARN[0m [2mdeadpool.postgres[0m[2m:[0m Connection could not be recycled: Connection closed
build-under-load: writer update_amt failed: connection closed
build-under-load: writer update_amt failed: connection closed
[2m2026-09-27T19:22:23.905514Z[0m [33m WARN[0m [2mdeadpool.postgres[0m[2m:[0m Connection error: error communicating with the server
[2m2026-09-27T19:22:23.905550Z[0m [33m WARN[0m [2mdeadpool.postgres[0m[2m:[0m Connection could not be recycled: Connection closed
[2m2026-09-27T19:22:23.920193Z[0m [33m WARN[0m [2mtrellis::client[0m[2m:[0m maintenance step failed; retrying [3mstep[0m[2m=[0m"connect" [3merror[0m[2m=[0mdb error [3mfailures[0m[2m=[0m1
[2m2026-09-27T19:22:23.928211Z[0m [33m WARN[0m [2mdeadpool.postgres[0m[2m:[0m Connection error: connection closed
[2m2026-09-27T19:22:23.928235Z[0m [33m WARN[0m [2mdeadpool.postgres[0m[2m:[0m Connection could not be recycled: Connection closed
[2m2026-09-27T19:22:23.938199Z[0m [33m WARN[0m [2mdeadpool.postgres[0m[2m:[0m Connection error: connection closed
[2m2026-09-27T19:22:23.938200Z[0m [33m WARN[0m [2mdeadpool.postgres[0m[2m:[0m Connection could not be recycled: Connection closed
[2m2026-09-27T19:22:23.938579Z[0m [33m WARN[0m [2mdeadpool.postgres[0m[2m:[0m Connection error: connection closed
[2m2026-09-27T19:22:23.938610Z[0m [33m WARN[0m [2mdeadpool.postgres[0m[2m:[0m Connection could not be recycled: Connection closed

thread 'main' (4152654) panicked at benchmark/src/streaming/build_under_load.rs:590:14:
read build progress: Error { kind: Closed, cause: None }
note: run with `RUST_BACKTRACE=1` environment variable to display a backtrace

thread 'tokio-rt-worker' (4152690) panicked at benchmark/src/streaming/build_under_load.rs:191:14:
sample backend xmin: Error { kind: Closed, cause: None }
[2m2026-09-27T19:22:24.106260Z[0m [33m WARN[0m [2mtrellis::client[0m[2m:[0m wake listener could not open its LISTEN connection; polling until it does [3merror[0m[2m=[0mdb error [3mretry_in[0m[2m=[0m250ms
[2m2026-09-27T19:22:24.190335Z[0m [33m WARN[0m [2mdeadpool.postgres[0m[2m:[0m Connection error: connection closed
[2m2026-09-27T19:22:24.357369Z[0m [33m WARN[0m [2mtrellis::client[0m[2m:[0m wake listener could not open its LISTEN connection; polling until it does [3merror[0m[2m=[0mdb error [3mretry_in[0m[2m=[0m500ms
[2m2026-09-27T19:22:24.858465Z[0m [33m WARN[0m [2mtrellis::client[0m[2m:[0m wake listener could not open its LISTEN connection; polling until it does [3merror[0m[2m=[0mdb error [3mretry_in[0m[2m=[0m1s
[2m2026-09-27T19:22:25.859225Z[0m [33m WARN[0m [2mtrellis::client[0m[2m:[0m wake listener could not open its LISTEN connection; polling until it does [3merror[0m[2m=[0merror connecting to server [3mretry_in[0m[2m=[0m2s
[2m2026-09-27T19:22:27.860335Z[0m [33m WARN[0m [2mtrellis::client[0m[2m:[0m wake listener could not open its LISTEN connection; polling until it does [3merror[0m[2m=[0merror connecting to server [3mretry_in[0m[2m=[0m4s
testkit: could not drop database trellis_test_4152654-1 after 50 attempts; it and any replication slot on it are leaked
testkit: `pg_ctl stop` did not stop postgres cleanly (pid 4152701); falling back to SIGKILL and reaping its shmem segment
[2m2026-09-27T19:22:29.564518Z[0m [33m WARN[0m [2mdeadpool.postgres[0m[2m:[0m Connection could not be recycled: Connection closed
