storage: /home/mike/exp558/tmpdisk (btrfs)
build-under-load: loaded 10000000 rows in 1.8s (5625718 rows/s)
[2m2026-09-27T04:49:11.123512Z[0m [33m WARN[0m [2mtrellis::client[0m[2m:[0m maintenance step failed; retrying [3mstep[0m[2m=[0m"seal" [3merror[0m[2m=[0mring slot 0 still holds a live registry row; sealing into it would lap unretired work [3mfailures[0m[2m=[0m1
[2m2026-09-27T04:49:44.475643Z[0m [33m WARN[0m [2mtrellis::client[0m[2m:[0m maintenance step failed; retrying [3mstep[0m[2m=[0m"seal" [3merror[0m[2m=[0mring slot 1 still holds a live registry row; sealing into it would lap unretired work [3mfailures[0m[2m=[0m1
[2m2026-09-27T04:49:47.370662Z[0m [33m WARN[0m [2mtrellis::client[0m[2m:[0m maintenance step failed; retrying [3mstep[0m[2m=[0m"seal" [3merror[0m[2m=[0mring slot 2 still holds a live registry row; sealing into it would lap unretired work [3mfailures[0m[2m=[0m1
[2m2026-09-27T04:49:50.764625Z[0m [33m WARN[0m [2mtrellis::client[0m[2m:[0m maintenance step failed; retrying [3mstep[0m[2m=[0m"seal" [3merror[0m[2m=[0mring slot 3 still holds a live registry row; sealing into it would lap unretired work [3mfailures[0m[2m=[0m1
[2m2026-09-27T04:50:50.890230Z[0m [33m WARN[0m [2mtrellis::client[0m[2m:[0m maintenance step failed; retrying [3mstep[0m[2m=[0m"seal" [3merror[0m[2m=[0mring slot 3 still holds a live registry row; sealing into it would lap unretired work [3mfailures[0m[2m=[0m198
[2m2026-09-27T04:51:51.070768Z[0m [33m WARN[0m [2mtrellis::client[0m[2m:[0m maintenance step failed; retrying [3mstep[0m[2m=[0m"seal" [3merror[0m[2m=[0mring slot 3 still holds a live registry row; sealing into it would lap unretired work [3mfailures[0m[2m=[0m395
[2m2026-09-27T04:52:51.290721Z[0m [33m WARN[0m [2mtrellis::client[0m[2m:[0m maintenance step failed; retrying [3mstep[0m[2m=[0m"seal" [3merror[0m[2m=[0mring slot 3 still holds a live registry row; sealing into it would lap unretired work [3mfailures[0m[2m=[0m592
[2m2026-09-27T04:53:51.514905Z[0m [33m WARN[0m [2mtrellis::client[0m[2m:[0m maintenance step failed; retrying [3mstep[0m[2m=[0m"seal" [3merror[0m[2m=[0mring slot 3 still holds a live registry row; sealing into it would lap unretired work [3mfailures[0m[2m=[0m789
[2m2026-09-27T04:54:51.526559Z[0m [33m WARN[0m [2mtrellis::client[0m[2m:[0m maintenance step failed; retrying [3mstep[0m[2m=[0m"seal" [3merror[0m[2m=[0mring slot 3 still holds a live registry row; sealing into it would lap unretired work [3mfailures[0m[2m=[0m985
[2m2026-09-27T04:55:51.740834Z[0m [33m WARN[0m [2mtrellis::client[0m[2m:[0m maintenance step failed; retrying [3mstep[0m[2m=[0m"seal" [3merror[0m[2m=[0mring slot 3 still holds a live registry row; sealing into it would lap unretired work [3mfailures[0m[2m=[0m1182
[2m2026-09-27T04:56:51.845887Z[0m [33m WARN[0m [2mtrellis::client[0m[2m:[0m maintenance step failed; retrying [3mstep[0m[2m=[0m"seal" [3merror[0m[2m=[0mring slot 3 still holds a live registry row; sealing into it would lap unretired work [3mfailures[0m[2m=[0m1379
[2m2026-09-27T04:57:51.930988Z[0m [33m WARN[0m [2mtrellis::client[0m[2m:[0m maintenance step failed; retrying [3mstep[0m[2m=[0m"seal" [3merror[0m[2m=[0mring slot 3 still holds a live registry row; sealing into it would lap unretired work [3mfailures[0m[2m=[0m1576
[2m2026-09-27T04:58:52.127313Z[0m [33m WARN[0m [2mtrellis::client[0m[2m:[0m maintenance step failed; retrying [3mstep[0m[2m=[0m"seal" [3merror[0m[2m=[0mring slot 3 still holds a live registry row; sealing into it would lap unretired work [3mfailures[0m[2m=[0m1764
[2m2026-09-27T04:59:52.290247Z[0m [33m WARN[0m [2mtrellis::client[0m[2m:[0m maintenance step failed; retrying [3mstep[0m[2m=[0m"seal" [3merror[0m[2m=[0mring slot 3 still holds a live registry row; sealing into it would lap unretired work [3mfailures[0m[2m=[0m1961
build-under-load: built in 716.4s (1001 chunks), live after 716.4s; writers continue 20s
[2m2026-09-27T05:00:55.203904Z[0m [33m WARN[0m [2mtrellis::client[0m[2m:[0m maintenance step failed; retrying [3mstep[0m[2m=[0m"seal" [3merror[0m[2m=[0mring slot 1 still holds a live registry row; sealing into it would lap unretired work [3mfailures[0m[2m=[0m1
[2m2026-09-27T05:01:55.364716Z[0m [33m WARN[0m [2mtrellis::client[0m[2m:[0m maintenance step failed; retrying [3mstep[0m[2m=[0m"seal" [3merror[0m[2m=[0mring slot 1 still holds a live registry row; sealing into it would lap unretired work [3mfailures[0m[2m=[0m166
[2m2026-09-27T05:02:55.637696Z[0m [33m WARN[0m [2mtrellis::client[0m[2m:[0m maintenance step failed; retrying [3mstep[0m[2m=[0m"seal" [3merror[0m[2m=[0mring slot 1 still holds a live registry row; sealing into it would lap unretired work [3mfailures[0m[2m=[0m334
[2m2026-09-27T05:03:55.756437Z[0m [33m WARN[0m [2mtrellis::client[0m[2m:[0m maintenance step failed; retrying [3mstep[0m[2m=[0m"seal" [3merror[0m[2m=[0mring slot 1 still holds a live registry row; sealing into it would lap unretired work [3mfailures[0m[2m=[0m523
[2m2026-09-27T05:04:51.004224Z[0m [33m WARN[0m [2mdeadpool.postgres[0m[2m:[0m Connection error: db error
build-under-load: 10000000 rows / 100000 groups, loaded at 5625718 rows/s; build 716.4s over 1001 chunks (first done 5.2s), live after 716.4s; converged 949.1s (tail 212.7s, 1 oracle checks of 8.51s), oracle_ok=true (0 mismatched); writers 1901/2000 stmt/s (kept=false), commit p50/p99 0.779/36.096 ms overall, 0.787/35.072 ms during build; wal 31.1 MB/s, 486 fsyncs/s, 698986 checkpoint buffers (13 timed + 2 requested checkpoints); ledger=contrib build=ledger
