storage: /home/mike/exp558/tmpdisk (btrfs)
waiting for in-flight verify runs / benchmarks to release /tmp/trellis-bench.lock ...
oracle SKIPPED: 400 groups — the target never folded in every row within the grace period, so this probe's correctness was not checked
fold-in 1000:1 (400 groups) — T3 NO at 400000 rows/sec: folded 24841 rows/sec while offered, never caught up within the grace period (offered 356210/sec)
400 groups x 1 drain workers: folded 24841 rows/sec while offered; engine busy 1.90 backends, 0.01 waiting on row locks (0%, 0.00 in the aggregate pre-lock), 0.87 running, 0.10 idle in txn; 0 deadlocks, 1 rollbacks
      0.43 lwlock      COMMIT
      0.13 lwlock      insert into drainers (drainer_id, last_seen) values ($1, now()) on confl
      0.12 running     insert into seg_0 (src_table, key, op, lsn, old_image, new_image, origin
      0.11 io          COMMIT
      0.11 running     insert into "public"."agg_totals__ledger" as l (from_key, group_key, con
      0.11 running     insert into seg_3 (src_table, key, op, lsn, old_image, new_image, origin
oracle SKIPPED: 400 groups — the target never folded in every row within the grace period, so this probe's correctness was not checked
fold-in 1000:1 (400 groups) — T3 NO at 400000 rows/sec: folded 21155 rows/sec while offered, never caught up within the grace period (offered 337150/sec)
400 groups x 8 drain workers: folded 21155 rows/sec while offered; engine busy 9.21 backends, 4.03 waiting on row locks (44%, 1.92 in the aggregate pre-lock), 1.68 running, 0.24 idle in txn; 3 deadlocks, 28 rollbacks
      1.92 row_lock    select k.ord, t."__trellis_recompute_lsn" from "public"."agg_totals" t j
      1.64 row_lock    with taken as ( select bucket from seg_claims where seg_seq = $1 ), free
      1.34 lwlock      insert into drainers (drainer_id, last_seen) values ($1, now()) on confl
      0.73 lwlock      COMMIT
      0.34 running     select from_key, group_key, contrib, join_key from "public"."agg_totals_
      0.30 other_lock  COMMIT
oracle SKIPPED: 4000 groups — the target never folded in every row within the grace period, so this probe's correctness was not checked
fold-in 100:1 (4000 groups) — T3 NO at 400000 rows/sec: folded 21134 rows/sec while offered, never caught up within the grace period (offered 335780/sec)
4000 groups x 1 drain workers: folded 21134 rows/sec while offered; engine busy 2.09 backends, 0.03 waiting on row locks (1%, 0.00 in the aggregate pre-lock), 0.99 running, 0.21 idle in txn; 0 deadlocks, 79 rollbacks
      0.40 lwlock      COMMIT
      0.25 running     select exists(select 1 from "public"."agg_src" s where s."grp" is not di
      0.14 running     insert into seg_2 (src_table, key, op, lsn, old_image, new_image, origin
      0.11 running     insert into "public"."agg_totals__ledger" as l (from_key, group_key, con
      0.11 io          COMMIT
      0.11 running     insert into seg_0 (src_table, key, op, lsn, old_image, new_image, origin
oracle SKIPPED: 4000 groups — the target never folded in every row within the grace period, so this probe's correctness was not checked
fold-in 100:1 (4000 groups) — T3 NO at 400000 rows/sec: folded 18095 rows/sec while offered, never caught up within the grace period (offered 290230/sec)
4000 groups x 8 drain workers: folded 18095 rows/sec while offered; engine busy 8.88 backends, 4.74 waiting on row locks (53%, 4.24 in the aggregate pre-lock), 1.43 running, 0.32 idle in txn; 0 deadlocks, 112 rollbacks
      4.24 row_lock    select k.ord, t."__trellis_recompute_lsn" from "public"."agg_totals" t j
      1.16 lwlock      insert into drainers (drainer_id, last_seen) values ($1, now()) on confl
      0.49 lwlock      COMMIT
      0.43 running     select exists(select 1 from "public"."agg_src" s where s."grp" is not di
      0.42 row_lock    with taken as ( select bucket from seg_claims where seg_seq = $1 ), free
      0.23 running     insert into seg_2 (src_table, key, op, lsn, old_image, new_image, origin
