storage: /home/mike/exp558/tmpdisk (btrfs)
waiting for in-flight verify runs / benchmarks to release /tmp/trellis-bench.lock ...
[2m2026-09-26T19:25:17.244264Z[0m [33m WARN[0m [2mtrellis::client[0m[2m:[0m maintenance step failed; retrying [3mstep[0m[2m=[0m"seal" [3merror[0m[2m=[0mring slot 0 still holds a live registry row; sealing into it would lap unretired work [3mfailures[0m[2m=[0m1
[2m2026-09-26T19:26:08.221298Z[0m [33m WARN[0m [2mtrellis::client[0m[2m:[0m maintenance step failed; retrying [3mstep[0m[2m=[0m"seal" [3merror[0m[2m=[0mring slot 3 still holds a live registry row; sealing into it would lap unretired work [3mfailures[0m[2m=[0m1
rel-churn: ledger seeded with 1000000 entries in 39.0s
[2m2026-09-26T19:26:49.679959Z[0m [33m WARN[0m [2mdeadpool.postgres[0m[2m:[0m Connection error: db error
rel-churn: 10 children/parent, parents at 100/s, children at 1000/s: 2000 parent + 20000 child updates; converged after 20.7s (tail 0.7s), oracle_ok=Some(true), wal 220 MB
[2m2026-09-26T19:27:37.895828Z[0m [33m WARN[0m [2mtrellis::client[0m[2m:[0m maintenance step failed; retrying [3mstep[0m[2m=[0m"seal" [3merror[0m[2m=[0mring slot 0 still holds a live registry row; sealing into it would lap unretired work [3mfailures[0m[2m=[0m1
rel-churn: ledger seeded with 1000000 entries in 40.1s
[2m2026-09-26T19:28:51.668372Z[0m [33m WARN[0m [2mtrellis::client[0m[2m:[0m maintenance step failed; retrying [3mstep[0m[2m=[0m"seal" [3merror[0m[2m=[0mring slot 3 still holds a live registry row; sealing into it would lap unretired work [3mfailures[0m[2m=[0m1
[2m2026-09-26T19:28:52.585615Z[0m [33m WARN[0m [2mtrellis::client[0m[2m:[0m maintenance step failed; retrying [3mstep[0m[2m=[0m"seal" [3merror[0m[2m=[0mring slot 0 still holds a live registry row; sealing into it would lap unretired work [3mfailures[0m[2m=[0m1
[2m2026-09-26T19:28:53.198471Z[0m [33m WARN[0m [2mtrellis::client[0m[2m:[0m maintenance step failed; retrying [3mstep[0m[2m=[0m"seal" [3merror[0m[2m=[0mring slot 1 still holds a live registry row; sealing into it would lap unretired work [3mfailures[0m[2m=[0m1
[2m2026-09-26T19:28:55.139473Z[0m [33m WARN[0m [2mtrellis::client[0m[2m:[0m maintenance step failed; retrying [3mstep[0m[2m=[0m"seal" [3merror[0m[2m=[0mring slot 2 still holds a live registry row; sealing into it would lap unretired work [3mfailures[0m[2m=[0m1
[2m2026-09-26T19:28:56.057746Z[0m [33m WARN[0m [2mtrellis::client[0m[2m:[0m maintenance step failed; retrying [3mstep[0m[2m=[0m"seal" [3merror[0m[2m=[0mring slot 3 still holds a live registry row; sealing into it would lap unretired work [3mfailures[0m[2m=[0m1
[2m2026-09-26T19:29:00.327646Z[0m [33m WARN[0m [2mtrellis::client[0m[2m:[0m maintenance step failed; retrying [3mstep[0m[2m=[0m"seal" [3merror[0m[2m=[0mring slot 0 still holds a live registry row; sealing into it would lap unretired work [3mfailures[0m[2m=[0m1
[2m2026-09-26T19:29:01.558133Z[0m [33m WARN[0m [2mtrellis::client[0m[2m:[0m maintenance step failed; retrying [3mstep[0m[2m=[0m"seal" [3merror[0m[2m=[0mring slot 1 still holds a live registry row; sealing into it would lap unretired work [3mfailures[0m[2m=[0m1
[2m2026-09-26T19:29:32.246181Z[0m [33m WARN[0m [2mdeadpool.postgres[0m[2m:[0m Connection error: db error
rel-churn: 10 children/parent, parents at 1000/s, children at 1000/s: 20000 parent + 20000 child updates; converged after 41.4s (tail 21.4s), oracle_ok=Some(true), wal 267 MB
[2m2026-09-26T19:30:13.707816Z[0m [33m WARN[0m [2mtrellis::client[0m[2m:[0m maintenance step failed; retrying [3mstep[0m[2m=[0m"seal" [3merror[0m[2m=[0mring slot 0 still holds a live registry row; sealing into it would lap unretired work [3mfailures[0m[2m=[0m1
rel-churn: ledger seeded with 1000000 entries in 36.3s
[2m2026-09-26T19:31:39.664347Z[0m [33m WARN[0m [2mdeadpool.postgres[0m[2m:[0m Connection error: db error
rel-churn: 1000 children/parent, parents at 100/s, children at 1000/s: 2000 parent + 20000 child updates; converged after 20.7s (tail 0.7s), oracle_ok=Some(true), wal 227 MB
[2m2026-09-26T19:32:21.294926Z[0m [33m WARN[0m [2mtrellis::client[0m[2m:[0m maintenance step failed; retrying [3mstep[0m[2m=[0m"seal" [3merror[0m[2m=[0mring slot 0 still holds a live registry row; sealing into it would lap unretired work [3mfailures[0m[2m=[0m1
rel-churn: ledger seeded with 1000000 entries in 35.7s
[2m2026-09-26T19:33:31.287122Z[0m [33m WARN[0m [2mtrellis::client[0m[2m:[0m maintenance step failed; retrying [3mstep[0m[2m=[0m"seal" [3merror[0m[2m=[0mring slot 1 still holds a live registry row; sealing into it would lap unretired work [3mfailures[0m[2m=[0m1
[2m2026-09-26T19:33:32.237017Z[0m [33m WARN[0m [2mtrellis::client[0m[2m:[0m maintenance step failed; retrying [3mstep[0m[2m=[0m"seal" [3merror[0m[2m=[0mring slot 3 still holds a live registry row; sealing into it would lap unretired work [3mfailures[0m[2m=[0m1
[2m2026-09-26T19:33:33.153873Z[0m [33m WARN[0m [2mtrellis::client[0m[2m:[0m maintenance step failed; retrying [3mstep[0m[2m=[0m"seal" [3merror[0m[2m=[0mring slot 1 still holds a live registry row; sealing into it would lap unretired work [3mfailures[0m[2m=[0m1
[2m2026-09-26T19:33:34.081176Z[0m [33m WARN[0m [2mtrellis::client[0m[2m:[0m maintenance step failed; retrying [3mstep[0m[2m=[0m"seal" [3merror[0m[2m=[0mring slot 3 still holds a live registry row; sealing into it would lap unretired work [3mfailures[0m[2m=[0m1
[2m2026-09-26T19:33:35.323946Z[0m [33m WARN[0m [2mtrellis::client[0m[2m:[0m maintenance step failed; retrying [3mstep[0m[2m=[0m"seal" [3merror[0m[2m=[0mring slot 1 still holds a live registry row; sealing into it would lap unretired work [3mfailures[0m[2m=[0m1
[2m2026-09-26T19:33:36.242961Z[0m [33m WARN[0m [2mtrellis::client[0m[2m:[0m maintenance step failed; retrying [3mstep[0m[2m=[0m"seal" [3merror[0m[2m=[0mring slot 3 still holds a live registry row; sealing into it would lap unretired work [3mfailures[0m[2m=[0m1
[2m2026-09-26T19:33:37.184986Z[0m [33m WARN[0m [2mtrellis::client[0m[2m:[0m maintenance step failed; retrying [3mstep[0m[2m=[0m"seal" [3merror[0m[2m=[0mring slot 1 still holds a live registry row; sealing into it would lap unretired work [3mfailures[0m[2m=[0m1
[2m2026-09-26T19:33:38.123929Z[0m [33m WARN[0m [2mtrellis::client[0m[2m:[0m maintenance step failed; retrying [3mstep[0m[2m=[0m"seal" [3merror[0m[2m=[0mring slot 3 still holds a live registry row; sealing into it would lap unretired work [3mfailures[0m[2m=[0m1
[2m2026-09-26T19:33:39.357905Z[0m [33m WARN[0m [2mtrellis::client[0m[2m:[0m maintenance step failed; retrying [3mstep[0m[2m=[0m"seal" [3merror[0m[2m=[0mring slot 1 still holds a live registry row; sealing into it would lap unretired work [3mfailures[0m[2m=[0m1
[2m2026-09-26T19:33:40.295989Z[0m [33m WARN[0m [2mtrellis::client[0m[2m:[0m maintenance step failed; retrying [3mstep[0m[2m=[0m"seal" [3merror[0m[2m=[0mring slot 3 still holds a live registry row; sealing into it would lap unretired work [3mfailures[0m[2m=[0m1
[2m2026-09-26T19:33:41.213012Z[0m [33m WARN[0m [2mtrellis::client[0m[2m:[0m maintenance step failed; retrying [3mstep[0m[2m=[0m"seal" [3merror[0m[2m=[0mring slot 1 still holds a live registry row; sealing into it would lap unretired work [3mfailures[0m[2m=[0m1
[2m2026-09-26T19:33:42.134649Z[0m [33m WARN[0m [2mtrellis::client[0m[2m:[0m maintenance step failed; retrying [3mstep[0m[2m=[0m"seal" [3merror[0m[2m=[0mring slot 3 still holds a live registry row; sealing into it would lap unretired work [3mfailures[0m[2m=[0m1
[2m2026-09-26T19:33:43.704969Z[0m [33m WARN[0m [2mtrellis::client[0m[2m:[0m maintenance step failed; retrying [3mstep[0m[2m=[0m"seal" [3merror[0m[2m=[0mring slot 3 still holds a live registry row; sealing into it would lap unretired work [3mfailures[0m[2m=[0m1
[2m2026-09-26T19:33:44.620901Z[0m [33m WARN[0m [2mtrellis::client[0m[2m:[0m maintenance step failed; retrying [3mstep[0m[2m=[0m"seal" [3merror[0m[2m=[0mring slot 1 still holds a live registry row; sealing into it would lap unretired work [3mfailures[0m[2m=[0m1
[2m2026-09-26T19:33:45.536320Z[0m [33m WARN[0m [2mtrellis::client[0m[2m:[0m maintenance step failed; retrying [3mstep[0m[2m=[0m"seal" [3merror[0m[2m=[0mring slot 3 still holds a live registry row; sealing into it would lap unretired work [3mfailures[0m[2m=[0m1
[2m2026-09-26T19:33:47.178715Z[0m [33m WARN[0m [2mdeadpool.postgres[0m[2m:[0m Connection error: db error
rel-churn: 1000 children/parent, parents at 1000/s, children at 1000/s: 20000 parent + 20000 child updates; converged after 21.0s (tail 1.0s), oracle_ok=Some(true), wal 246 MB
